0 verbose cli /usr/bin/node /usr/lib/node_modules/npm/bin/npm-cli.js
1 info using npm@10.8.2
2 info using node@v20.20.2
3 silly config load:file:/usr/lib/node_modules/npm/npmrc
4 silly config load:file:/home/user/frontend/.npmrc
5 silly config load:file:/home/user/.npmrc
6 silly config load:file:/usr/etc/npmrc
7 verbose title npm exec vite build
8 verbose argv "exec" "--" "vite" "build"
9 verbose logfile logs-max:10 dir:/home/user/.npm/_logs/2026-06-04T04_58_04_524Z-
10 verbose logfile /home/user/.npm/_logs/2026-06-04T04_58_04_524Z-debug-0.log
11 silly logfile done cleaning log files
12 silly packumentCache heap:1002438656 maxSize:250609664 maxEntrySize:125304832
13 http fetch GET 200 https://registry.npmjs.org/vite 181ms (cache miss)
14 silly packumentCache heap:1002438656 maxSize:250609664 maxEntrySize:125304832
15 silly packumentCache heap:1002438656 maxSize:250609664 maxEntrySize:125304832
16 warn exec The following package was not found and will be installed: vite@8.0.16
17 silly idealTree buildDeps
18 silly fetch manifest vite@8.0.16
19 silly packumentCache full:https://registry.npmjs.org/vite cache-miss
20 http fetch GET 200 https://registry.npmjs.org/vite 1389ms (cache miss)
21 silly packumentCache full:https://registry.npmjs.org/vite set size:undefined disposed:false
22 silly fetch manifest @types/node@^20.19.0 || >=22.12.0
23 silly packumentCache full:https://registry.npmjs.org/@types%2fnode cache-miss
24 http fetch GET 200 https://registry.npmjs.org/@types%2fnode 237ms (cache miss)
25 silly packumentCache full:https://registry.npmjs.org/@types%2fnode set size:undefined disposed:false
26 silly fetch manifest @vitejs/devtools@^0.1.18
27 silly packumentCache full:https://registry.npmjs.org/@vitejs%2fdevtools cache-miss
28 http fetch GET 200 https://registry.npmjs.org/@vitejs%2fdevtools 65ms (cache miss)
29 silly packumentCache full:https://registry.npmjs.org/@vitejs%2fdevtools set size:undefined disposed:false
30 silly fetch manifest esbuild@^0.27.0 || ^0.28.0
31 silly packumentCache full:https://registry.npmjs.org/esbuild cache-miss
32 http fetch GET 200 https://registry.npmjs.org/esbuild 81ms (cache miss)
33 silly packumentCache full:https://registry.npmjs.org/esbuild set size:undefined disposed:false
34 silly fetch manifest jiti@>=1.21.0
35 silly packumentCache full:https://registry.npmjs.org/jiti cache-miss
36 http fetch GET 200 https://registry.npmjs.org/jiti 6ms (cache hit)
37 silly packumentCache full:https://registry.npmjs.org/jiti set size:387989 disposed:false
38 silly fetch manifest less@^4.0.0
39 silly packumentCache full:https://registry.npmjs.org/less cache-miss
40 http fetch GET 200 https://registry.npmjs.org/less 71ms (cache miss)
41 silly packumentCache full:https://registry.npmjs.org/less set size:undefined disposed:false
42 silly fetch manifest sass@^1.70.0
43 silly packumentCache full:https://registry.npmjs.org/sass cache-miss
44 http fetch GET 200 https://registry.npmjs.org/sass 54ms (cache miss)
45 silly packumentCache full:https://registry.npmjs.org/sass set size:undefined disposed:false
46 silly fetch manifest sass-embedded@^1.70.0
47 silly packumentCache full:https://registry.npmjs.org/sass-embedded cache-miss
48 http fetch GET 200 https://registry.npmjs.org/sass-embedded 49ms (cache miss)
49 silly packumentCache full:https://registry.npmjs.org/sass-embedded set size:undefined disposed:false
50 silly fetch manifest stylus@>=0.54.8
51 silly packumentCache full:https://registry.npmjs.org/stylus cache-miss
52 http fetch GET 200 https://registry.npmjs.org/stylus 36ms (cache miss)
53 silly packumentCache full:https://registry.npmjs.org/stylus set size:undefined disposed:false
54 silly fetch manifest sugarss@^5.0.0
55 silly packumentCache full:https://registry.npmjs.org/sugarss cache-miss
56 http fetch GET 200 https://registry.npmjs.org/sugarss 31ms (cache miss)
57 silly packumentCache full:https://registry.npmjs.org/sugarss set size:undefined disposed:false
58 silly fetch manifest postcss@^8.3.3
59 silly packumentCache full:https://registry.npmjs.org/postcss cache-miss
60 http fetch GET 200 https://registry.npmjs.org/postcss 46ms (cache miss)
61 silly packumentCache full:https://registry.npmjs.org/postcss set size:undefined disposed:false
62 silly fetch manifest terser@^5.16.0
63 silly packumentCache full:https://registry.npmjs.org/terser cache-miss
64 http fetch GET 200 https://registry.npmjs.org/terser 66ms (cache miss)
65 silly packumentCache full:https://registry.npmjs.org/terser set size:undefined disposed:false
66 silly fetch manifest tsx@^4.8.1
67 silly packumentCache full:https://registry.npmjs.org/tsx cache-miss
68 http fetch GET 200 https://registry.npmjs.org/tsx 37ms (cache miss)
69 silly packumentCache full:https://registry.npmjs.org/tsx set size:undefined disposed:false
70 silly fetch manifest yaml@^2.4.2
71 silly packumentCache full:https://registry.npmjs.org/yaml cache-miss
72 http fetch GET 200 https://registry.npmjs.org/yaml 37ms (cache miss)
73 silly packumentCache full:https://registry.npmjs.org/yaml set size:undefined disposed:false
74 silly placeDep ROOT vite@8.0.16 OK for:  want: 8.0.16
75 silly fetch manifest postcss@^8.5.15
76 silly packumentCache full:https://registry.npmjs.org/postcss cache-miss
77 http fetch GET 200 https://registry.npmjs.org/postcss 5ms (cache hit)
78 silly packumentCache full:https://registry.npmjs.org/postcss set size:723316 disposed:false
79 silly fetch manifest rolldown@1.0.3
80 silly packumentCache full:https://registry.npmjs.org/rolldown cache-miss
81 http fetch GET 200 https://registry.npmjs.org/rolldown 109ms (cache miss)
82 silly packumentCache full:https://registry.npmjs.org/rolldown set size:undefined disposed:false
83 silly fetch manifest picomatch@^4.0.4
84 silly packumentCache full:https://registry.npmjs.org/picomatch cache-miss
85 http fetch GET 200 https://registry.npmjs.org/picomatch 45ms (cache miss)
86 silly packumentCache full:https://registry.npmjs.org/picomatch set size:undefined disposed:false
87 silly fetch manifest tinyglobby@^0.2.17
88 silly packumentCache full:https://registry.npmjs.org/tinyglobby cache-miss
89 http fetch GET 200 https://registry.npmjs.org/tinyglobby 28ms (cache miss)
90 silly packumentCache full:https://registry.npmjs.org/tinyglobby set size:undefined disposed:false
91 silly fetch manifest lightningcss@^1.32.0
92 silly packumentCache full:https://registry.npmjs.org/lightningcss cache-miss
93 http fetch GET 200 https://registry.npmjs.org/lightningcss 31ms (cache miss)
94 silly packumentCache full:https://registry.npmjs.org/lightningcss set size:undefined disposed:false
95 silly fetch manifest fsevents@~2.3.3
96 silly packumentCache full:https://registry.npmjs.org/fsevents cache-miss
97 http fetch GET 200 https://registry.npmjs.org/fsevents 35ms (cache miss)
98 silly packumentCache full:https://registry.npmjs.org/fsevents set size:undefined disposed:false
99 silly placeDep ROOT fsevents@2.3.3 OK for: vite@8.0.16 want: ~2.3.3
100 silly placeDep ROOT lightningcss@1.32.0 OK for: vite@8.0.16 want: ^1.32.0
101 silly placeDep ROOT picomatch@4.0.4 OK for: vite@8.0.16 want: ^4.0.4
102 silly placeDep ROOT postcss@8.5.15 OK for: vite@8.0.16 want: ^8.5.15
103 silly placeDep ROOT rolldown@1.0.3 OK for: vite@8.0.16 want: 1.0.3
104 silly placeDep ROOT tinyglobby@0.2.17 OK for: vite@8.0.16 want: ^0.2.17
105 silly fetch manifest detect-libc@^2.0.3
106 silly packumentCache full:https://registry.npmjs.org/detect-libc cache-miss
107 http fetch GET 200 https://registry.npmjs.org/detect-libc 29ms (cache miss)
108 silly packumentCache full:https://registry.npmjs.org/detect-libc set size:undefined disposed:false
109 silly fetch manifest lightningcss-darwin-x64@1.32.0
110 silly packumentCache full:https://registry.npmjs.org/lightningcss-darwin-x64 cache-miss
111 http fetch GET 200 https://registry.npmjs.org/lightningcss-darwin-x64 32ms (cache miss)
112 silly packumentCache full:https://registry.npmjs.org/lightningcss-darwin-x64 set size:undefined disposed:false
113 silly fetch manifest lightningcss-linux-x64-gnu@1.32.0
114 silly packumentCache full:https://registry.npmjs.org/lightningcss-linux-x64-gnu cache-miss
115 http fetch GET 200 https://registry.npmjs.org/lightningcss-linux-x64-gnu 33ms (cache miss)
116 silly packumentCache full:https://registry.npmjs.org/lightningcss-linux-x64-gnu set size:undefined disposed:false
117 silly fetch manifest lightningcss-win32-x64-msvc@1.32.0
118 silly packumentCache full:https://registry.npmjs.org/lightningcss-win32-x64-msvc cache-miss
119 http fetch GET 200 https://registry.npmjs.org/lightningcss-win32-x64-msvc 29ms (cache miss)
120 silly packumentCache full:https://registry.npmjs.org/lightningcss-win32-x64-msvc set size:undefined disposed:false
121 silly fetch manifest lightningcss-win32-arm64-msvc@1.32.0
122 silly packumentCache full:https://registry.npmjs.org/lightningcss-win32-arm64-msvc cache-miss
123 http fetch GET 200 https://registry.npmjs.org/lightningcss-win32-arm64-msvc 29ms (cache miss)
124 silly packumentCache full:https://registry.npmjs.org/lightningcss-win32-arm64-msvc set size:undefined disposed:false
125 silly fetch manifest lightningcss-darwin-arm64@1.32.0
126 silly packumentCache full:https://registry.npmjs.org/lightningcss-darwin-arm64 cache-miss
127 http fetch GET 200 https://registry.npmjs.org/lightningcss-darwin-arm64 34ms (cache miss)
128 silly packumentCache full:https://registry.npmjs.org/lightningcss-darwin-arm64 set size:undefined disposed:false
129 silly fetch manifest lightningcss-linux-arm64-gnu@1.32.0
130 silly packumentCache full:https://registry.npmjs.org/lightningcss-linux-arm64-gnu cache-miss
131 http fetch GET 200 https://registry.npmjs.org/lightningcss-linux-arm64-gnu 32ms (cache miss)
132 silly packumentCache full:https://registry.npmjs.org/lightningcss-linux-arm64-gnu set size:undefined disposed:false
133 silly fetch manifest lightningcss-linux-arm-gnueabihf@1.32.0
134 silly packumentCache full:https://registry.npmjs.org/lightningcss-linux-arm-gnueabihf cache-miss
135 http fetch GET 200 https://registry.npmjs.org/lightningcss-linux-arm-gnueabihf 35ms (cache miss)
136 silly packumentCache full:https://registry.npmjs.org/lightningcss-linux-arm-gnueabihf set size:undefined disposed:false
137 silly fetch manifest lightningcss-linux-arm64-musl@1.32.0
138 silly packumentCache full:https://registry.npmjs.org/lightningcss-linux-arm64-musl cache-miss
139 http fetch GET 200 https://registry.npmjs.org/lightningcss-linux-arm64-musl 31ms (cache miss)
140 silly packumentCache full:https://registry.npmjs.org/lightningcss-linux-arm64-musl set size:undefined disposed:false
141 silly fetch manifest lightningcss-linux-x64-musl@1.32.0
142 silly packumentCache full:https://registry.npmjs.org/lightningcss-linux-x64-musl cache-miss
143 http fetch GET 200 https://registry.npmjs.org/lightningcss-linux-x64-musl 40ms (cache miss)
144 silly packumentCache full:https://registry.npmjs.org/lightningcss-linux-x64-musl set size:undefined disposed:false
145 silly fetch manifest lightningcss-freebsd-x64@1.32.0
146 silly packumentCache full:https://registry.npmjs.org/lightningcss-freebsd-x64 cache-miss
147 http fetch GET 200 https://registry.npmjs.org/lightningcss-freebsd-x64 31ms (cache miss)
148 silly packumentCache full:https://registry.npmjs.org/lightningcss-freebsd-x64 set size:undefined disposed:false
149 silly fetch manifest lightningcss-android-arm64@1.32.0
150 silly packumentCache full:https://registry.npmjs.org/lightningcss-android-arm64 cache-miss
151 http fetch GET 200 https://registry.npmjs.org/lightningcss-android-arm64 30ms (cache miss)
152 silly packumentCache full:https://registry.npmjs.org/lightningcss-android-arm64 set size:undefined disposed:false
153 silly fetch manifest nanoid@^3.3.12
154 silly packumentCache full:https://registry.npmjs.org/nanoid cache-miss
155 http fetch GET 200 https://registry.npmjs.org/nanoid 40ms (cache miss)
156 silly packumentCache full:https://registry.npmjs.org/nanoid set size:undefined disposed:false
157 silly fetch manifest picocolors@^1.1.1
158 silly packumentCache full:https://registry.npmjs.org/picocolors cache-miss
159 http fetch GET 200 https://registry.npmjs.org/picocolors 28ms (cache miss)
160 silly packumentCache full:https://registry.npmjs.org/picocolors set size:undefined disposed:false
161 silly fetch manifest source-map-js@^1.2.1
162 silly packumentCache full:https://registry.npmjs.org/source-map-js cache-miss
163 http fetch GET 200 https://registry.npmjs.org/source-map-js 31ms (cache miss)
164 silly packumentCache full:https://registry.npmjs.org/source-map-js set size:undefined disposed:false
165 silly fetch manifest @oxc-project/types@=0.133.0
166 silly packumentCache full:https://registry.npmjs.org/@oxc-project%2ftypes cache-miss
167 http fetch GET 200 https://registry.npmjs.org/@oxc-project%2ftypes 53ms (cache miss)
168 silly packumentCache full:https://registry.npmjs.org/@oxc-project%2ftypes set size:undefined disposed:false
169 silly fetch manifest @rolldown/pluginutils@^1.0.0
170 silly packumentCache full:https://registry.npmjs.org/@rolldown%2fpluginutils cache-miss
171 http fetch GET 200 https://registry.npmjs.org/@rolldown%2fpluginutils 46ms (cache miss)
172 silly packumentCache full:https://registry.npmjs.org/@rolldown%2fpluginutils set size:undefined disposed:false
173 silly fetch manifest @rolldown/binding-darwin-x64@1.0.3
174 silly packumentCache full:https://registry.npmjs.org/@rolldown%2fbinding-darwin-x64 cache-miss
175 http fetch GET 200 https://registry.npmjs.org/@rolldown%2fbinding-darwin-x64 78ms (cache miss)
176 silly packumentCache full:https://registry.npmjs.org/@rolldown%2fbinding-darwin-x64 set size:undefined disposed:false
177 silly fetch manifest @rolldown/binding-freebsd-x64@1.0.3
178 silly packumentCache full:https://registry.npmjs.org/@rolldown%2fbinding-freebsd-x64 cache-miss
179 http fetch GET 200 https://registry.npmjs.org/@rolldown%2fbinding-freebsd-x64 91ms (cache miss)
180 silly packumentCache full:https://registry.npmjs.org/@rolldown%2fbinding-freebsd-x64 set size:undefined disposed:false
181 silly fetch manifest @rolldown/binding-wasm32-wasi@1.0.3
182 silly packumentCache full:https://registry.npmjs.org/@rolldown%2fbinding-wasm32-wasi cache-miss
183 http fetch GET 200 https://registry.npmjs.org/@rolldown%2fbinding-wasm32-wasi 85ms (cache miss)
184 silly packumentCache full:https://registry.npmjs.org/@rolldown%2fbinding-wasm32-wasi set size:undefined disposed:false
185 silly fetch manifest @rolldown/binding-darwin-arm64@1.0.3
186 silly packumentCache full:https://registry.npmjs.org/@rolldown%2fbinding-darwin-arm64 cache-miss
187 http fetch GET 200 https://registry.npmjs.org/@rolldown%2fbinding-darwin-arm64 77ms (cache miss)
188 silly packumentCache full:https://registry.npmjs.org/@rolldown%2fbinding-darwin-arm64 set size:undefined disposed:false
189 silly fetch manifest @rolldown/binding-android-arm64@1.0.3
190 silly packumentCache full:https://registry.npmjs.org/@rolldown%2fbinding-android-arm64 cache-miss
191 http fetch GET 200 https://registry.npmjs.org/@rolldown%2fbinding-android-arm64 62ms (cache miss)
192 silly packumentCache full:https://registry.npmjs.org/@rolldown%2fbinding-android-arm64 set size:undefined disposed:false
193 silly fetch manifest @rolldown/binding-linux-x64-gnu@1.0.3
194 silly packumentCache full:https://registry.npmjs.org/@rolldown%2fbinding-linux-x64-gnu cache-miss
195 http fetch GET 200 https://registry.npmjs.org/@rolldown%2fbinding-linux-x64-gnu 87ms (cache miss)
196 silly packumentCache full:https://registry.npmjs.org/@rolldown%2fbinding-linux-x64-gnu set size:undefined disposed:false
197 silly fetch manifest @rolldown/binding-linux-x64-musl@1.0.3
198 silly packumentCache full:https://registry.npmjs.org/@rolldown%2fbinding-linux-x64-musl cache-miss
199 http fetch GET 200 https://registry.npmjs.org/@rolldown%2fbinding-linux-x64-musl 85ms (cache miss)
200 silly packumentCache full:https://registry.npmjs.org/@rolldown%2fbinding-linux-x64-musl set size:undefined disposed:false
201 silly fetch manifest @rolldown/binding-win32-x64-msvc@1.0.3
202 silly packumentCache full:https://registry.npmjs.org/@rolldown%2fbinding-win32-x64-msvc cache-miss
203 http fetch GET 200 https://registry.npmjs.org/@rolldown%2fbinding-win32-x64-msvc 76ms (cache miss)
204 silly packumentCache full:https://registry.npmjs.org/@rolldown%2fbinding-win32-x64-msvc set size:undefined disposed:false
205 silly fetch manifest @rolldown/binding-linux-arm64-gnu@1.0.3
206 silly packumentCache full:https://registry.npmjs.org/@rolldown%2fbinding-linux-arm64-gnu cache-miss
207 http fetch GET 200 https://registry.npmjs.org/@rolldown%2fbinding-linux-arm64-gnu 78ms (cache miss)
208 silly packumentCache full:https://registry.npmjs.org/@rolldown%2fbinding-linux-arm64-gnu set size:undefined disposed:false
209 silly fetch manifest @rolldown/binding-linux-ppc64-gnu@1.0.3
210 silly packumentCache full:https://registry.npmjs.org/@rolldown%2fbinding-linux-ppc64-gnu cache-miss
211 http fetch GET 200 https://registry.npmjs.org/@rolldown%2fbinding-linux-ppc64-gnu 55ms (cache miss)
212 silly packumentCache full:https://registry.npmjs.org/@rolldown%2fbinding-linux-ppc64-gnu set size:undefined disposed:false
213 silly fetch manifest @rolldown/binding-linux-s390x-gnu@1.0.3
214 silly packumentCache full:https://registry.npmjs.org/@rolldown%2fbinding-linux-s390x-gnu cache-miss
215 http fetch GET 200 https://registry.npmjs.org/@rolldown%2fbinding-linux-s390x-gnu 82ms (cache miss)
216 silly packumentCache full:https://registry.npmjs.org/@rolldown%2fbinding-linux-s390x-gnu set size:undefined disposed:false
217 silly fetch manifest @rolldown/binding-linux-arm64-musl@1.0.3
218 silly packumentCache full:https://registry.npmjs.org/@rolldown%2fbinding-linux-arm64-musl cache-miss
219 http fetch GET 200 https://registry.npmjs.org/@rolldown%2fbinding-linux-arm64-musl 84ms (cache miss)
220 silly packumentCache full:https://registry.npmjs.org/@rolldown%2fbinding-linux-arm64-musl set size:undefined disposed:false
221 silly fetch manifest @rolldown/binding-win32-arm64-msvc@1.0.3
222 silly packumentCache full:https://registry.npmjs.org/@rolldown%2fbinding-win32-arm64-msvc cache-miss
223 http fetch GET 200 https://registry.npmjs.org/@rolldown%2fbinding-win32-arm64-msvc 95ms (cache miss)
224 silly packumentCache full:https://registry.npmjs.org/@rolldown%2fbinding-win32-arm64-msvc set size:undefined disposed:false
225 silly fetch manifest @rolldown/binding-openharmony-arm64@1.0.3
226 silly packumentCache full:https://registry.npmjs.org/@rolldown%2fbinding-openharmony-arm64 cache-miss
227 http fetch GET 200 https://registry.npmjs.org/@rolldown%2fbinding-openharmony-arm64 53ms (cache miss)
228 silly packumentCache full:https://registry.npmjs.org/@rolldown%2fbinding-openharmony-arm64 set size:undefined disposed:false
229 silly fetch manifest @rolldown/binding-linux-arm-gnueabihf@1.0.3
230 silly packumentCache full:https://registry.npmjs.org/@rolldown%2fbinding-linux-arm-gnueabihf cache-miss
231 http fetch GET 200 https://registry.npmjs.org/@rolldown%2fbinding-linux-arm-gnueabihf 101ms (cache miss)
232 silly packumentCache full:https://registry.npmjs.org/@rolldown%2fbinding-linux-arm-gnueabihf set size:undefined disposed:false
233 silly fetch manifest fdir@^6.5.0
234 silly packumentCache full:https://registry.npmjs.org/fdir cache-miss
235 http fetch GET 200 https://registry.npmjs.org/fdir 33ms (cache miss)
236 silly packumentCache full:https://registry.npmjs.org/fdir set size:undefined disposed:false
237 silly placeDep ROOT detect-libc@2.1.2 OK for: lightningcss@1.32.0 want: ^2.0.3
238 silly placeDep ROOT lightningcss-android-arm64@1.32.0 OK for: lightningcss@1.32.0 want: 1.32.0
239 silly placeDep ROOT lightningcss-darwin-arm64@1.32.0 OK for: lightningcss@1.32.0 want: 1.32.0
240 silly placeDep ROOT lightningcss-darwin-x64@1.32.0 OK for: lightningcss@1.32.0 want: 1.32.0
241 silly placeDep ROOT lightningcss-freebsd-x64@1.32.0 OK for: lightningcss@1.32.0 want: 1.32.0
242 silly placeDep ROOT lightningcss-linux-arm-gnueabihf@1.32.0 OK for: lightningcss@1.32.0 want: 1.32.0
243 silly placeDep ROOT lightningcss-linux-arm64-gnu@1.32.0 OK for: lightningcss@1.32.0 want: 1.32.0
244 silly placeDep ROOT lightningcss-linux-arm64-musl@1.32.0 OK for: lightningcss@1.32.0 want: 1.32.0
245 silly placeDep ROOT lightningcss-linux-x64-gnu@1.32.0 OK for: lightningcss@1.32.0 want: 1.32.0
246 silly placeDep ROOT lightningcss-linux-x64-musl@1.32.0 OK for: lightningcss@1.32.0 want: 1.32.0
247 silly placeDep ROOT lightningcss-win32-arm64-msvc@1.32.0 OK for: lightningcss@1.32.0 want: 1.32.0
248 silly placeDep ROOT lightningcss-win32-x64-msvc@1.32.0 OK for: lightningcss@1.32.0 want: 1.32.0
249 silly placeDep ROOT nanoid@3.3.12 OK for: postcss@8.5.15 want: ^3.3.12
250 silly placeDep ROOT picocolors@1.1.1 OK for: postcss@8.5.15 want: ^1.1.1
251 silly placeDep ROOT source-map-js@1.2.1 OK for: postcss@8.5.15 want: ^1.2.1
252 silly placeDep ROOT @oxc-project/types@0.133.0 OK for: rolldown@1.0.3 want: =0.133.0
253 silly placeDep ROOT @rolldown/binding-android-arm64@1.0.3 OK for: rolldown@1.0.3 want: 1.0.3
254 silly placeDep ROOT @rolldown/binding-darwin-arm64@1.0.3 OK for: rolldown@1.0.3 want: 1.0.3
255 silly placeDep ROOT @rolldown/binding-darwin-x64@1.0.3 OK for: rolldown@1.0.3 want: 1.0.3
256 silly placeDep ROOT @rolldown/binding-freebsd-x64@1.0.3 OK for: rolldown@1.0.3 want: 1.0.3
257 silly placeDep ROOT @rolldown/binding-linux-arm-gnueabihf@1.0.3 OK for: rolldown@1.0.3 want: 1.0.3
258 silly placeDep ROOT @rolldown/binding-linux-arm64-gnu@1.0.3 OK for: rolldown@1.0.3 want: 1.0.3
259 silly placeDep ROOT @rolldown/binding-linux-arm64-musl@1.0.3 OK for: rolldown@1.0.3 want: 1.0.3
260 silly placeDep ROOT @rolldown/binding-linux-ppc64-gnu@1.0.3 OK for: rolldown@1.0.3 want: 1.0.3
261 silly placeDep ROOT @rolldown/binding-linux-s390x-gnu@1.0.3 OK for: rolldown@1.0.3 want: 1.0.3
262 silly placeDep ROOT @rolldown/binding-linux-x64-gnu@1.0.3 OK for: rolldown@1.0.3 want: 1.0.3
263 silly placeDep ROOT @rolldown/binding-linux-x64-musl@1.0.3 OK for: rolldown@1.0.3 want: 1.0.3
264 silly placeDep ROOT @rolldown/binding-openharmony-arm64@1.0.3 OK for: rolldown@1.0.3 want: 1.0.3
265 silly placeDep ROOT @rolldown/binding-wasm32-wasi@1.0.3 OK for: rolldown@1.0.3 want: 1.0.3
266 silly placeDep ROOT @rolldown/binding-win32-arm64-msvc@1.0.3 OK for: rolldown@1.0.3 want: 1.0.3
267 silly placeDep ROOT @rolldown/binding-win32-x64-msvc@1.0.3 OK for: rolldown@1.0.3 want: 1.0.3
268 silly placeDep ROOT @rolldown/pluginutils@1.0.1 OK for: rolldown@1.0.3 want: ^1.0.0
269 silly fetch manifest @emnapi/core@1.10.0
270 silly packumentCache full:https://registry.npmjs.org/@emnapi%2fcore cache-miss
271 http fetch GET 200 https://registry.npmjs.org/@emnapi%2fcore 51ms (cache miss)
272 silly packumentCache full:https://registry.npmjs.org/@emnapi%2fcore set size:undefined disposed:false
273 silly fetch manifest @emnapi/runtime@1.10.0
274 silly packumentCache full:https://registry.npmjs.org/@emnapi%2fruntime cache-miss
275 http fetch GET 200 https://registry.npmjs.org/@emnapi%2fruntime 52ms (cache miss)
276 silly packumentCache full:https://registry.npmjs.org/@emnapi%2fruntime set size:undefined disposed:false
277 silly fetch manifest @napi-rs/wasm-runtime@^1.1.4
278 silly packumentCache full:https://registry.npmjs.org/@napi-rs%2fwasm-runtime cache-miss
279 http fetch GET 200 https://registry.npmjs.org/@napi-rs%2fwasm-runtime 44ms (cache miss)
280 silly packumentCache full:https://registry.npmjs.org/@napi-rs%2fwasm-runtime set size:undefined disposed:false
281 silly placeDep ROOT @emnapi/core@1.10.0 OK for: @rolldown/binding-wasm32-wasi@1.0.3 want: 1.10.0
282 silly placeDep ROOT @emnapi/runtime@1.10.0 OK for: @rolldown/binding-wasm32-wasi@1.0.3 want: 1.10.0
283 silly placeDep ROOT @napi-rs/wasm-runtime@1.1.4 OK for: @rolldown/binding-wasm32-wasi@1.0.3 want: ^1.1.4
284 silly fetch manifest tslib@^2.4.0
285 silly packumentCache full:https://registry.npmjs.org/tslib cache-miss
286 http fetch GET 200 https://registry.npmjs.org/tslib 32ms (cache miss)
287 silly packumentCache full:https://registry.npmjs.org/tslib set size:undefined disposed:false
288 silly fetch manifest @emnapi/wasi-threads@1.2.1
289 silly packumentCache full:https://registry.npmjs.org/@emnapi%2fwasi-threads cache-miss
290 http fetch GET 200 https://registry.npmjs.org/@emnapi%2fwasi-threads 56ms (cache miss)
291 silly packumentCache full:https://registry.npmjs.org/@emnapi%2fwasi-threads set size:undefined disposed:false
292 silly fetch manifest @tybys/wasm-util@^0.10.1
293 silly packumentCache full:https://registry.npmjs.org/@tybys%2fwasm-util cache-miss
294 http fetch GET 200 https://registry.npmjs.org/@tybys%2fwasm-util 47ms (cache miss)
295 silly packumentCache full:https://registry.npmjs.org/@tybys%2fwasm-util set size:undefined disposed:false
296 silly placeDep ROOT @emnapi/wasi-threads@1.2.1 OK for: @emnapi/core@1.10.0 want: 1.2.1
297 silly placeDep ROOT tslib@2.8.1 OK for: @emnapi/core@1.10.0 want: ^2.4.0
298 silly placeDep ROOT @tybys/wasm-util@0.10.2 OK for: @napi-rs/wasm-runtime@1.1.4 want: ^0.10.1
299 silly placeDep ROOT fdir@6.5.0 OK for: tinyglobby@0.2.17 want: ^6.5.0
300 silly reify moves {}
301 silly audit bulk request {
301 silly audit   vite: [ '8.0.16' ],
301 silly audit   fsevents: [ '2.3.3' ],
301 silly audit   lightningcss: [ '1.32.0' ],
301 silly audit   picomatch: [ '4.0.4' ],
301 silly audit   postcss: [ '8.5.15' ],
301 silly audit   rolldown: [ '1.0.3' ],
301 silly audit   tinyglobby: [ '0.2.17' ],
301 silly audit   'detect-libc': [ '2.1.2' ],
301 silly audit   'lightningcss-android-arm64': [ '1.32.0' ],
301 silly audit   'lightningcss-darwin-arm64': [ '1.32.0' ],
301 silly audit   'lightningcss-darwin-x64': [ '1.32.0' ],
301 silly audit   'lightningcss-freebsd-x64': [ '1.32.0' ],
301 silly audit   'lightningcss-linux-arm-gnueabihf': [ '1.32.0' ],
301 silly audit   'lightningcss-linux-arm64-gnu': [ '1.32.0' ],
301 silly audit   'lightningcss-linux-arm64-musl': [ '1.32.0' ],
301 silly audit   'lightningcss-linux-x64-gnu': [ '1.32.0' ],
301 silly audit   'lightningcss-linux-x64-musl': [ '1.32.0' ],
301 silly audit   'lightningcss-win32-arm64-msvc': [ '1.32.0' ],
301 silly audit   'lightningcss-win32-x64-msvc': [ '1.32.0' ],
301 silly audit   nanoid: [ '3.3.12' ],
301 silly audit   picocolors: [ '1.1.1' ],
301 silly audit   'source-map-js': [ '1.2.1' ],
301 silly audit   '@oxc-project/types': [ '0.133.0' ],
301 silly audit   '@rolldown/binding-android-arm64': [ '1.0.3' ],
301 silly audit   '@rolldown/binding-darwin-arm64': [ '1.0.3' ],
301 silly audit   '@rolldown/binding-darwin-x64': [ '1.0.3' ],
301 silly audit   '@rolldown/binding-freebsd-x64': [ '1.0.3' ],
301 silly audit   '@rolldown/binding-linux-arm-gnueabihf': [ '1.0.3' ],
301 silly audit   '@rolldown/binding-linux-arm64-gnu': [ '1.0.3' ],
301 silly audit   '@rolldown/binding-linux-arm64-musl': [ '1.0.3' ],
301 silly audit   '@rolldown/binding-linux-ppc64-gnu': [ '1.0.3' ],
301 silly audit   '@rolldown/binding-linux-s390x-gnu': [ '1.0.3' ],
301 silly audit   '@rolldown/binding-linux-x64-gnu': [ '1.0.3' ],
301 silly audit   '@rolldown/binding-linux-x64-musl': [ '1.0.3' ],
301 silly audit   '@rolldown/binding-openharmony-arm64': [ '1.0.3' ],
301 silly audit   '@rolldown/binding-wasm32-wasi': [ '1.0.3' ],
301 silly audit   '@rolldown/binding-win32-arm64-msvc': [ '1.0.3' ],
301 silly audit   '@rolldown/binding-win32-x64-msvc': [ '1.0.3' ],
301 silly audit   '@rolldown/pluginutils': [ '1.0.1' ],
301 silly audit   '@emnapi/core': [ '1.10.0' ],
301 silly audit   '@emnapi/runtime': [ '1.10.0' ],
301 silly audit   '@napi-rs/wasm-runtime': [ '1.1.4' ],
301 silly audit   '@emnapi/wasi-threads': [ '1.2.1' ],
301 silly audit   tslib: [ '2.8.1' ],
301 silly audit   '@tybys/wasm-util': [ '0.10.2' ],
301 silly audit   fdir: [ '6.5.0' ]
301 silly audit }
302 verbose reify failed optional dependency /home/user/.npm/_npx/9ed06546b0653f96/node_modules/@rolldown/binding-win32-x64-msvc
303 silly reify mark deleted [
303 silly reify   '/home/user/.npm/_npx/9ed06546b0653f96/node_modules/@rolldown/binding-win32-x64-msvc'
303 silly reify ]
304 verbose reify failed optional dependency /home/user/.npm/_npx/9ed06546b0653f96/node_modules/@rolldown/binding-win32-arm64-msvc
305 silly reify mark deleted [
305 silly reify   '/home/user/.npm/_npx/9ed06546b0653f96/node_modules/@rolldown/binding-win32-arm64-msvc'
305 silly reify ]
306 verbose reify failed optional dependency /home/user/.npm/_npx/9ed06546b0653f96/node_modules/@rolldown/binding-wasm32-wasi
307 silly reify mark deleted [
307 silly reify   '/home/user/.npm/_npx/9ed06546b0653f96/node_modules/@rolldown/binding-wasm32-wasi'
307 silly reify ]
308 verbose reify failed optional dependency /home/user/.npm/_npx/9ed06546b0653f96/node_modules/@emnapi/core
309 silly reify mark deleted [ '/home/user/.npm/_npx/9ed06546b0653f96/node_modules/@emnapi/core' ]
310 verbose reify failed optional dependency /home/user/.npm/_npx/9ed06546b0653f96/node_modules/@emnapi/runtime
311 silly reify mark deleted [
311 silly reify   '/home/user/.npm/_npx/9ed06546b0653f96/node_modules/@emnapi/runtime'
311 silly reify ]
312 verbose reify failed optional dependency /home/user/.npm/_npx/9ed06546b0653f96/node_modules/@napi-rs/wasm-runtime
313 silly reify mark deleted [
313 silly reify   '/home/user/.npm/_npx/9ed06546b0653f96/node_modules/@napi-rs/wasm-runtime'
313 silly reify ]
314 verbose reify failed optional dependency /home/user/.npm/_npx/9ed06546b0653f96/node_modules/tslib
315 silly reify mark deleted [ '/home/user/.npm/_npx/9ed06546b0653f96/node_modules/tslib' ]
316 verbose reify failed optional dependency /home/user/.npm/_npx/9ed06546b0653f96/node_modules/@emnapi/wasi-threads
317 silly reify mark deleted [
317 silly reify   '/home/user/.npm/_npx/9ed06546b0653f96/node_modules/@emnapi/wasi-threads'
317 silly reify ]
318 verbose reify failed optional dependency /home/user/.npm/_npx/9ed06546b0653f96/node_modules/@tybys/wasm-util
319 silly reify mark deleted [
319 silly reify   '/home/user/.npm/_npx/9ed06546b0653f96/node_modules/@tybys/wasm-util'
319 silly reify ]
320 verbose reify failed optional dependency /home/user/.npm/_npx/9ed06546b0653f96/node_modules/@rolldown/binding-openharmony-arm64
321 silly reify mark deleted [
321 silly reify   '/home/user/.npm/_npx/9ed06546b0653f96/node_modules/@rolldown/binding-openharmony-arm64'
321 silly reify ]
322 verbose reify failed optional dependency /home/user/.npm/_npx/9ed06546b0653f96/node_modules/@rolldown/binding-linux-x64-musl
323 silly reify mark deleted [
323 silly reify   '/home/user/.npm/_npx/9ed06546b0653f96/node_modules/@rolldown/binding-linux-x64-musl'
323 silly reify ]
324 verbose reify failed optional dependency /home/user/.npm/_npx/9ed06546b0653f96/node_modules/@rolldown/binding-linux-s390x-gnu
325 silly reify mark deleted [
325 silly reify   '/home/user/.npm/_npx/9ed06546b0653f96/node_modules/@rolldown/binding-linux-s390x-gnu'
325 silly reify ]
326 verbose reify failed optional dependency /home/user/.npm/_npx/9ed06546b0653f96/node_modules/@rolldown/binding-linux-ppc64-gnu
327 silly reify mark deleted [
327 silly reify   '/home/user/.npm/_npx/9ed06546b0653f96/node_modules/@rolldown/binding-linux-ppc64-gnu'
327 silly reify ]
328 verbose reify failed optional dependency /home/user/.npm/_npx/9ed06546b0653f96/node_modules/@rolldown/binding-linux-arm64-musl
329 silly reify mark deleted [
329 silly reify   '/home/user/.npm/_npx/9ed06546b0653f96/node_modules/@rolldown/binding-linux-arm64-musl'
329 silly reify ]
330 verbose reify failed optional dependency /home/user/.npm/_npx/9ed06546b0653f96/node_modules/@rolldown/binding-linux-arm64-gnu
331 silly reify mark deleted [
331 silly reify   '/home/user/.npm/_npx/9ed06546b0653f96/node_modules/@rolldown/binding-linux-arm64-gnu'
331 silly reify ]
332 verbose reify failed optional dependency /home/user/.npm/_npx/9ed06546b0653f96/node_modules/@rolldown/binding-linux-arm-gnueabihf
333 silly reify mark deleted [
333 silly reify   '/home/user/.npm/_npx/9ed06546b0653f96/node_modules/@rolldown/binding-linux-arm-gnueabihf'
333 silly reify ]
334 verbose reify failed optional dependency /home/user/.npm/_npx/9ed06546b0653f96/node_modules/@rolldown/binding-freebsd-x64
335 silly reify mark deleted [
335 silly reify   '/home/user/.npm/_npx/9ed06546b0653f96/node_modules/@rolldown/binding-freebsd-x64'
335 silly reify ]
336 verbose reify failed optional dependency /home/user/.npm/_npx/9ed06546b0653f96/node_modules/@rolldown/binding-darwin-x64
337 silly reify mark deleted [
337 silly reify   '/home/user/.npm/_npx/9ed06546b0653f96/node_modules/@rolldown/binding-darwin-x64'
337 silly reify ]
338 verbose reify failed optional dependency /home/user/.npm/_npx/9ed06546b0653f96/node_modules/@rolldown/binding-darwin-arm64
339 silly reify mark deleted [
339 silly reify   '/home/user/.npm/_npx/9ed06546b0653f96/node_modules/@rolldown/binding-darwin-arm64'
339 silly reify ]
340 verbose reify failed optional dependency /home/user/.npm/_npx/9ed06546b0653f96/node_modules/@rolldown/binding-android-arm64
341 silly reify mark deleted [
341 silly reify   '/home/user/.npm/_npx/9ed06546b0653f96/node_modules/@rolldown/binding-android-arm64'
341 silly reify ]
342 verbose reify failed optional dependency /home/user/.npm/_npx/9ed06546b0653f96/node_modules/lightningcss-win32-x64-msvc
343 silly reify mark deleted [
343 silly reify   '/home/user/.npm/_npx/9ed06546b0653f96/node_modules/lightningcss-win32-x64-msvc'
343 silly reify ]
344 verbose reify failed optional dependency /home/user/.npm/_npx/9ed06546b0653f96/node_modules/lightningcss-win32-arm64-msvc
345 silly reify mark deleted [
345 silly reify   '/home/user/.npm/_npx/9ed06546b0653f96/node_modules/lightningcss-win32-arm64-msvc'
345 silly reify ]
346 verbose reify failed optional dependency /home/user/.npm/_npx/9ed06546b0653f96/node_modules/lightningcss-linux-x64-musl
347 silly reify mark deleted [
347 silly reify   '/home/user/.npm/_npx/9ed06546b0653f96/node_modules/lightningcss-linux-x64-musl'
347 silly reify ]
348 verbose reify failed optional dependency /home/user/.npm/_npx/9ed06546b0653f96/node_modules/lightningcss-linux-arm64-musl
349 silly reify mark deleted [
349 silly reify   '/home/user/.npm/_npx/9ed06546b0653f96/node_modules/lightningcss-linux-arm64-musl'
349 silly reify ]
350 verbose reify failed optional dependency /home/user/.npm/_npx/9ed06546b0653f96/node_modules/lightningcss-linux-arm64-gnu
351 silly reify mark deleted [
351 silly reify   '/home/user/.npm/_npx/9ed06546b0653f96/node_modules/lightningcss-linux-arm64-gnu'
351 silly reify ]
352 verbose reify failed optional dependency /home/user/.npm/_npx/9ed06546b0653f96/node_modules/lightningcss-linux-arm-gnueabihf
353 silly reify mark deleted [
353 silly reify   '/home/user/.npm/_npx/9ed06546b0653f96/node_modules/lightningcss-linux-arm-gnueabihf'
353 silly reify ]
354 verbose reify failed optional dependency /home/user/.npm/_npx/9ed06546b0653f96/node_modules/lightningcss-freebsd-x64
355 silly reify mark deleted [
355 silly reify   '/home/user/.npm/_npx/9ed06546b0653f96/node_modules/lightningcss-freebsd-x64'
355 silly reify ]
356 verbose reify failed optional dependency /home/user/.npm/_npx/9ed06546b0653f96/node_modules/lightningcss-darwin-x64
357 silly reify mark deleted [
357 silly reify   '/home/user/.npm/_npx/9ed06546b0653f96/node_modules/lightningcss-darwin-x64'
357 silly reify ]
358 verbose reify failed optional dependency /home/user/.npm/_npx/9ed06546b0653f96/node_modules/lightningcss-darwin-arm64
359 silly reify mark deleted [
359 silly reify   '/home/user/.npm/_npx/9ed06546b0653f96/node_modules/lightningcss-darwin-arm64'
359 silly reify ]
360 verbose reify failed optional dependency /home/user/.npm/_npx/9ed06546b0653f96/node_modules/lightningcss-android-arm64
361 silly reify mark deleted [
361 silly reify   '/home/user/.npm/_npx/9ed06546b0653f96/node_modules/lightningcss-android-arm64'
361 silly reify ]
362 verbose reify failed optional dependency /home/user/.npm/_npx/9ed06546b0653f96/node_modules/fsevents
363 silly reify mark deleted [ '/home/user/.npm/_npx/9ed06546b0653f96/node_modules/fsevents' ]
364 silly tarball no local data for fdir@https://registry.npmjs.org/fdir/-/fdir-6.5.0.tgz. Extracting by manifest.
365 silly tarball no local data for @tybys/wasm-util@https://registry.npmjs.org/@tybys/wasm-util/-/wasm-util-0.10.2.tgz. Extracting by manifest.
366 silly tarball no local data for tslib@https://registry.npmjs.org/tslib/-/tslib-2.8.1.tgz. Extracting by manifest.
367 silly tarball no local data for @emnapi/wasi-threads@https://registry.npmjs.org/@emnapi/wasi-threads/-/wasi-threads-1.2.1.tgz. Extracting by manifest.
368 silly tarball no local data for @napi-rs/wasm-runtime@https://registry.npmjs.org/@napi-rs/wasm-runtime/-/wasm-runtime-1.1.4.tgz. Extracting by manifest.
369 silly tarball no local data for @emnapi/runtime@https://registry.npmjs.org/@emnapi/runtime/-/runtime-1.10.0.tgz. Extracting by manifest.
370 silly tarball no local data for @emnapi/core@https://registry.npmjs.org/@emnapi/core/-/core-1.10.0.tgz. Extracting by manifest.
371 silly tarball no local data for @rolldown/pluginutils@https://registry.npmjs.org/@rolldown/pluginutils/-/pluginutils-1.0.1.tgz. Extracting by manifest.
372 silly tarball no local data for @rolldown/binding-linux-x64-gnu@https://registry.npmjs.org/@rolldown/binding-linux-x64-gnu/-/binding-linux-x64-gnu-1.0.3.tgz. Extracting by manifest.
373 silly tarball no local data for @oxc-project/types@https://registry.npmjs.org/@oxc-project/types/-/types-0.133.0.tgz. Extracting by manifest.
374 silly tarball no local data for source-map-js@https://registry.npmjs.org/source-map-js/-/source-map-js-1.2.1.tgz. Extracting by manifest.
375 silly tarball no local data for picocolors@https://registry.npmjs.org/picocolors/-/picocolors-1.1.1.tgz. Extracting by manifest.
376 silly tarball no local data for nanoid@https://registry.npmjs.org/nanoid/-/nanoid-3.3.12.tgz. Extracting by manifest.
377 silly tarball no local data for lightningcss-linux-x64-gnu@https://registry.npmjs.org/lightningcss-linux-x64-gnu/-/lightningcss-linux-x64-gnu-1.32.0.tgz. Extracting by manifest.
378 silly tarball no local data for detect-libc@https://registry.npmjs.org/detect-libc/-/detect-libc-2.1.2.tgz. Extracting by manifest.
379 silly tarball no local data for tinyglobby@https://registry.npmjs.org/tinyglobby/-/tinyglobby-0.2.17.tgz. Extracting by manifest.
380 silly tarball no local data for rolldown@https://registry.npmjs.org/rolldown/-/rolldown-1.0.3.tgz. Extracting by manifest.
381 silly tarball no local data for postcss@https://registry.npmjs.org/postcss/-/postcss-8.5.15.tgz. Extracting by manifest.
382 silly tarball no local data for picomatch@https://registry.npmjs.org/picomatch/-/picomatch-4.0.4.tgz. Extracting by manifest.
383 silly tarball no local data for lightningcss@https://registry.npmjs.org/lightningcss/-/lightningcss-1.32.0.tgz. Extracting by manifest.
384 silly tarball no local data for vite@https://registry.npmjs.org/vite/-/vite-8.0.16.tgz. Extracting by manifest.
385 http fetch POST 200 https://registry.npmjs.org/-/npm/v1/security/advisories/bulk 147ms
386 silly audit report {}
387 http fetch GET 200 https://registry.npmjs.org/detect-libc/-/detect-libc-2.1.2.tgz 123ms (cache miss)
388 http fetch GET 200 https://registry.npmjs.org/fdir/-/fdir-6.5.0.tgz 163ms (cache miss)
389 http fetch GET 200 https://registry.npmjs.org/tinyglobby/-/tinyglobby-0.2.17.tgz 173ms (cache miss)
390 http fetch GET 200 https://registry.npmjs.org/picocolors/-/picocolors-1.1.1.tgz 270ms (cache miss)
391 http fetch GET 200 https://registry.npmjs.org/@oxc-project/types/-/types-0.133.0.tgz 289ms (cache miss)
392 http fetch GET 200 https://registry.npmjs.org/@rolldown/pluginutils/-/pluginutils-1.0.1.tgz 295ms (cache miss)
393 http fetch GET 200 https://registry.npmjs.org/picomatch/-/picomatch-4.0.4.tgz 283ms (cache miss)
394 http fetch GET 200 https://registry.npmjs.org/tslib/-/tslib-2.8.1.tgz 304ms (cache miss)
395 http fetch GET 200 https://registry.npmjs.org/nanoid/-/nanoid-3.3.12.tgz 309ms (cache miss)
396 http fetch GET 200 https://registry.npmjs.org/source-map-js/-/source-map-js-1.2.1.tgz 362ms (cache miss)
397 http fetch GET 200 https://registry.npmjs.org/@emnapi/wasi-threads/-/wasi-threads-1.2.1.tgz 374ms (cache miss)
398 http fetch GET 200 https://registry.npmjs.org/@emnapi/runtime/-/runtime-1.10.0.tgz 389ms (cache miss)
399 http fetch GET 200 https://registry.npmjs.org/lightningcss/-/lightningcss-1.32.0.tgz 404ms (cache miss)
400 http fetch GET 200 https://registry.npmjs.org/postcss/-/postcss-8.5.15.tgz 417ms (cache miss)
401 http fetch GET 200 https://registry.npmjs.org/@tybys/wasm-util/-/wasm-util-0.10.2.tgz 461ms (cache miss)
402 http fetch GET 200 https://registry.npmjs.org/rolldown/-/rolldown-1.0.3.tgz 453ms (cache miss)
403 http fetch GET 200 https://registry.npmjs.org/@emnapi/core/-/core-1.10.0.tgz 475ms (cache miss)
404 http fetch GET 200 https://registry.npmjs.org/vite/-/vite-8.0.16.tgz 472ms (cache miss)
405 http fetch GET 200 https://registry.npmjs.org/@napi-rs/wasm-runtime/-/wasm-runtime-1.1.4.tgz 595ms (cache miss)
406 http fetch GET 200 https://registry.npmjs.org/lightningcss-linux-x64-gnu/-/lightningcss-linux-x64-gnu-1.32.0.tgz 684ms (cache miss)
407 http fetch GET 200 https://registry.npmjs.org/@rolldown/binding-linux-x64-gnu/-/binding-linux-x64-gnu-1.0.3.tgz 815ms (cache miss)
408 verbose cwd /home/user/frontend
409 verbose os Linux 6.1.158+
410 verbose node v20.20.2
411 verbose npm  v10.8.2
412 verbose exit 1
413 verbose code 1
