0 verbose cli /usr/bin/node /usr/lib/node_modules/npm/bin/npm-cli.js
1 info using npm@10.8.2
2 info using node@v20.20.2
3 silly config load:file:/usr/lib/node_modules/npm/npmrc
4 silly config load:file:/home/user/.npmrc
5 silly config load:file:/usr/etc/npmrc
6 verbose title npm exec eslint frontend/src/pages/Approvals.jsx
7 verbose argv "exec" "--" "eslint" "frontend/src/pages/Approvals.jsx"
8 verbose logfile logs-max:10 dir:/home/user/.npm/_logs/2026-06-03T18_46_49_885Z-
9 verbose logfile /home/user/.npm/_logs/2026-06-03T18_46_49_885Z-debug-0.log
10 silly logfile done cleaning log files
11 silly packumentCache heap:1002438656 maxSize:250609664 maxEntrySize:125304832
12 http fetch GET 200 https://registry.npmjs.org/eslint 107ms (cache miss)
13 silly packumentCache heap:1002438656 maxSize:250609664 maxEntrySize:125304832
14 http fetch GET 200 https://registry.npmjs.org/npm 175ms
15 silly packumentCache heap:1002438656 maxSize:250609664 maxEntrySize:125304832
16 warn exec The following package was not found and will be installed: eslint@10.4.1
17 silly idealTree buildDeps
18 silly fetch manifest eslint@10.4.1
19 silly packumentCache full:https://registry.npmjs.org/eslint cache-miss
20 http fetch GET 200 https://registry.npmjs.org/eslint 72ms (cache miss)
21 silly packumentCache full:https://registry.npmjs.org/eslint set size:undefined disposed:false
22 silly fetch manifest jiti@*
23 silly packumentCache full:https://registry.npmjs.org/jiti cache-miss
24 http fetch GET 200 https://registry.npmjs.org/jiti 54ms (cache miss)
25 silly packumentCache full:https://registry.npmjs.org/jiti set size:undefined disposed:false
26 silly placeDep ROOT eslint@10.4.1 OK for:  want: 10.4.1
27 silly fetch manifest @eslint-community/eslint-utils@^4.8.0
28 silly packumentCache full:https://registry.npmjs.org/@eslint-community%2feslint-utils cache-miss
29 http fetch GET 200 https://registry.npmjs.org/@eslint-community%2feslint-utils 45ms (cache miss)
30 silly packumentCache full:https://registry.npmjs.org/@eslint-community%2feslint-utils set size:undefined disposed:false
31 silly fetch manifest @eslint-community/regexpp@^4.12.2
32 silly packumentCache full:https://registry.npmjs.org/@eslint-community%2fregexpp cache-miss
33 http fetch GET 200 https://registry.npmjs.org/@eslint-community%2fregexpp 70ms (cache miss)
34 silly packumentCache full:https://registry.npmjs.org/@eslint-community%2fregexpp set size:undefined disposed:false
35 silly fetch manifest @eslint/config-array@^0.23.5
36 silly packumentCache full:https://registry.npmjs.org/@eslint%2fconfig-array cache-miss
37 http fetch GET 200 https://registry.npmjs.org/@eslint%2fconfig-array 44ms (cache miss)
38 silly packumentCache full:https://registry.npmjs.org/@eslint%2fconfig-array set size:undefined disposed:false
39 silly fetch manifest @eslint/config-helpers@^0.6.0
40 silly packumentCache full:https://registry.npmjs.org/@eslint%2fconfig-helpers cache-miss
41 http fetch GET 200 https://registry.npmjs.org/@eslint%2fconfig-helpers 53ms (cache miss)
42 silly packumentCache full:https://registry.npmjs.org/@eslint%2fconfig-helpers set size:undefined disposed:false
43 silly fetch manifest @eslint/core@^1.2.1
44 silly packumentCache full:https://registry.npmjs.org/@eslint%2fcore cache-miss
45 http fetch GET 200 https://registry.npmjs.org/@eslint%2fcore 44ms (cache miss)
46 silly packumentCache full:https://registry.npmjs.org/@eslint%2fcore set size:undefined disposed:false
47 silly fetch manifest @eslint/plugin-kit@^0.7.2
48 silly packumentCache full:https://registry.npmjs.org/@eslint%2fplugin-kit cache-miss
49 http fetch GET 200 https://registry.npmjs.org/@eslint%2fplugin-kit 73ms (cache miss)
50 silly packumentCache full:https://registry.npmjs.org/@eslint%2fplugin-kit set size:undefined disposed:false
51 silly fetch manifest @humanfs/node@^0.16.6
52 silly packumentCache full:https://registry.npmjs.org/@humanfs%2fnode cache-miss
53 http fetch GET 200 https://registry.npmjs.org/@humanfs%2fnode 43ms (cache miss)
54 silly packumentCache full:https://registry.npmjs.org/@humanfs%2fnode set size:undefined disposed:false
55 silly fetch manifest @humanwhocodes/module-importer@^1.0.1
56 silly packumentCache full:https://registry.npmjs.org/@humanwhocodes%2fmodule-importer cache-miss
57 http fetch GET 200 https://registry.npmjs.org/@humanwhocodes%2fmodule-importer 59ms (cache miss)
58 silly packumentCache full:https://registry.npmjs.org/@humanwhocodes%2fmodule-importer set size:undefined disposed:false
59 silly fetch manifest @humanwhocodes/retry@^0.4.2
60 silly packumentCache full:https://registry.npmjs.org/@humanwhocodes%2fretry cache-miss
61 http fetch GET 200 https://registry.npmjs.org/@humanwhocodes%2fretry 37ms (cache miss)
62 silly packumentCache full:https://registry.npmjs.org/@humanwhocodes%2fretry set size:undefined disposed:false
63 silly fetch manifest @types/estree@^1.0.6
64 silly packumentCache full:https://registry.npmjs.org/@types%2festree cache-miss
65 http fetch GET 200 https://registry.npmjs.org/@types%2festree 53ms (cache miss)
66 silly packumentCache full:https://registry.npmjs.org/@types%2festree set size:undefined disposed:false
67 silly fetch manifest ajv@^6.14.0
68 silly packumentCache full:https://registry.npmjs.org/ajv cache-miss
69 http fetch GET 200 https://registry.npmjs.org/ajv 52ms (cache miss)
70 silly packumentCache full:https://registry.npmjs.org/ajv set size:undefined disposed:false
71 silly fetch manifest cross-spawn@^7.0.6
72 silly packumentCache full:https://registry.npmjs.org/cross-spawn cache-miss
73 http fetch GET 200 https://registry.npmjs.org/cross-spawn 41ms (cache miss)
74 silly packumentCache full:https://registry.npmjs.org/cross-spawn set size:undefined disposed:false
75 silly fetch manifest debug@^4.3.2
76 silly packumentCache full:https://registry.npmjs.org/debug cache-miss
77 http fetch GET 200 https://registry.npmjs.org/debug 33ms (cache miss)
78 silly packumentCache full:https://registry.npmjs.org/debug set size:undefined disposed:false
79 silly fetch manifest escape-string-regexp@^4.0.0
80 silly packumentCache full:https://registry.npmjs.org/escape-string-regexp cache-miss
81 http fetch GET 200 https://registry.npmjs.org/escape-string-regexp 34ms (cache miss)
82 silly packumentCache full:https://registry.npmjs.org/escape-string-regexp set size:undefined disposed:false
83 silly fetch manifest eslint-scope@^9.1.2
84 silly packumentCache full:https://registry.npmjs.org/eslint-scope cache-miss
85 http fetch GET 200 https://registry.npmjs.org/eslint-scope 30ms (cache miss)
86 silly packumentCache full:https://registry.npmjs.org/eslint-scope set size:undefined disposed:false
87 silly fetch manifest eslint-visitor-keys@^5.0.1
88 silly packumentCache full:https://registry.npmjs.org/eslint-visitor-keys cache-miss
89 http fetch GET 200 https://registry.npmjs.org/eslint-visitor-keys 38ms (cache miss)
90 silly packumentCache full:https://registry.npmjs.org/eslint-visitor-keys set size:undefined disposed:false
91 silly fetch manifest espree@^11.2.0
92 silly packumentCache full:https://registry.npmjs.org/espree cache-miss
93 http fetch GET 200 https://registry.npmjs.org/espree 34ms (cache miss)
94 silly packumentCache full:https://registry.npmjs.org/espree set size:undefined disposed:false
95 silly fetch manifest esquery@^1.7.0
96 silly packumentCache full:https://registry.npmjs.org/esquery cache-miss
97 http fetch GET 200 https://registry.npmjs.org/esquery 37ms (cache miss)
98 silly packumentCache full:https://registry.npmjs.org/esquery set size:undefined disposed:false
99 silly fetch manifest esutils@^2.0.2
100 silly packumentCache full:https://registry.npmjs.org/esutils cache-miss
101 http fetch GET 200 https://registry.npmjs.org/esutils 34ms (cache miss)
102 silly packumentCache full:https://registry.npmjs.org/esutils set size:undefined disposed:false
103 silly fetch manifest fast-deep-equal@^3.1.3
104 silly packumentCache full:https://registry.npmjs.org/fast-deep-equal cache-miss
105 http fetch GET 200 https://registry.npmjs.org/fast-deep-equal 38ms (cache miss)
106 silly packumentCache full:https://registry.npmjs.org/fast-deep-equal set size:undefined disposed:false
107 silly fetch manifest file-entry-cache@^8.0.0
108 silly packumentCache full:https://registry.npmjs.org/file-entry-cache cache-miss
109 http fetch GET 200 https://registry.npmjs.org/file-entry-cache 42ms (cache miss)
110 silly packumentCache full:https://registry.npmjs.org/file-entry-cache set size:undefined disposed:false
111 silly fetch manifest find-up@^5.0.0
112 silly packumentCache full:https://registry.npmjs.org/find-up cache-miss
113 http fetch GET 200 https://registry.npmjs.org/find-up 41ms (cache miss)
114 silly packumentCache full:https://registry.npmjs.org/find-up set size:undefined disposed:false
115 silly fetch manifest glob-parent@^6.0.2
116 silly packumentCache full:https://registry.npmjs.org/glob-parent cache-miss
117 http fetch GET 200 https://registry.npmjs.org/glob-parent 45ms (cache miss)
118 silly packumentCache full:https://registry.npmjs.org/glob-parent set size:undefined disposed:false
119 silly fetch manifest ignore@^5.2.0
120 silly packumentCache full:https://registry.npmjs.org/ignore cache-miss
121 http fetch GET 200 https://registry.npmjs.org/ignore 42ms (cache miss)
122 silly packumentCache full:https://registry.npmjs.org/ignore set size:undefined disposed:false
123 silly fetch manifest imurmurhash@^0.1.4
124 silly packumentCache full:https://registry.npmjs.org/imurmurhash cache-miss
125 http fetch GET 200 https://registry.npmjs.org/imurmurhash 34ms (cache miss)
126 silly packumentCache full:https://registry.npmjs.org/imurmurhash set size:undefined disposed:false
127 silly fetch manifest is-glob@^4.0.0
128 silly packumentCache full:https://registry.npmjs.org/is-glob cache-miss
129 http fetch GET 200 https://registry.npmjs.org/is-glob 35ms (cache miss)
130 silly packumentCache full:https://registry.npmjs.org/is-glob set size:undefined disposed:false
131 silly fetch manifest json-stable-stringify-without-jsonify@^1.0.1
132 silly packumentCache full:https://registry.npmjs.org/json-stable-stringify-without-jsonify cache-miss
133 http fetch GET 200 https://registry.npmjs.org/json-stable-stringify-without-jsonify 30ms (cache miss)
134 silly packumentCache full:https://registry.npmjs.org/json-stable-stringify-without-jsonify set size:undefined disposed:false
135 silly fetch manifest minimatch@^10.2.4
136 silly packumentCache full:https://registry.npmjs.org/minimatch cache-miss
137 http fetch GET 200 https://registry.npmjs.org/minimatch 62ms (cache miss)
138 silly packumentCache full:https://registry.npmjs.org/minimatch set size:undefined disposed:false
139 silly fetch manifest natural-compare@^1.4.0
140 silly packumentCache full:https://registry.npmjs.org/natural-compare cache-miss
141 http fetch GET 200 https://registry.npmjs.org/natural-compare 34ms (cache miss)
142 silly packumentCache full:https://registry.npmjs.org/natural-compare set size:undefined disposed:false
143 silly fetch manifest optionator@^0.9.3
144 silly packumentCache full:https://registry.npmjs.org/optionator cache-miss
145 http fetch GET 200 https://registry.npmjs.org/optionator 48ms (cache miss)
146 silly packumentCache full:https://registry.npmjs.org/optionator set size:undefined disposed:false
147 silly fetch manifest eslint@^6.0.0 || ^7.0.0 || >=8.0.0
148 silly packumentCache full:https://registry.npmjs.org/eslint cache-miss
149 http fetch GET 200 https://registry.npmjs.org/eslint 9ms (cache hit)
150 silly packumentCache full:https://registry.npmjs.org/eslint set size:2004222 disposed:false
151 silly placeDep ROOT @eslint-community/eslint-utils@4.9.1 OK for: eslint@10.4.1 want: ^4.8.0
152 silly placeDep ROOT @eslint-community/regexpp@4.12.2 OK for: eslint@10.4.1 want: ^4.12.2
153 silly placeDep ROOT @eslint/config-array@0.23.5 OK for: eslint@10.4.1 want: ^0.23.5
154 silly placeDep ROOT @eslint/config-helpers@0.6.0 OK for: eslint@10.4.1 want: ^0.6.0
155 silly placeDep ROOT @eslint/core@1.2.1 OK for: eslint@10.4.1 want: ^1.2.1
156 silly placeDep ROOT @eslint/plugin-kit@0.7.2 OK for: eslint@10.4.1 want: ^0.7.2
157 silly placeDep ROOT @humanfs/node@0.16.8 OK for: eslint@10.4.1 want: ^0.16.6
158 silly placeDep ROOT @humanwhocodes/module-importer@1.0.1 OK for: eslint@10.4.1 want: ^1.0.1
159 silly placeDep ROOT @humanwhocodes/retry@0.4.3 OK for: eslint@10.4.1 want: ^0.4.2
160 silly placeDep ROOT @types/estree@1.0.9 OK for: eslint@10.4.1 want: ^1.0.6
161 silly placeDep ROOT ajv@6.15.0 OK for: eslint@10.4.1 want: ^6.14.0
162 silly placeDep ROOT cross-spawn@7.0.6 OK for: eslint@10.4.1 want: ^7.0.6
163 silly placeDep ROOT debug@4.4.3 OK for: eslint@10.4.1 want: ^4.3.2
164 silly placeDep ROOT escape-string-regexp@4.0.0 OK for: eslint@10.4.1 want: ^4.0.0
165 silly placeDep ROOT eslint-scope@9.1.2 OK for: eslint@10.4.1 want: ^9.1.2
166 silly placeDep ROOT eslint-visitor-keys@5.0.1 OK for: eslint@10.4.1 want: ^5.0.1
167 silly placeDep ROOT espree@11.2.0 OK for: eslint@10.4.1 want: ^11.2.0
168 silly placeDep ROOT esquery@1.7.0 OK for: eslint@10.4.1 want: ^1.7.0
169 silly placeDep ROOT esutils@2.0.3 OK for: eslint@10.4.1 want: ^2.0.2
170 silly placeDep ROOT fast-deep-equal@3.1.3 OK for: eslint@10.4.1 want: ^3.1.3
171 silly placeDep ROOT file-entry-cache@8.0.0 OK for: eslint@10.4.1 want: ^8.0.0
172 silly placeDep ROOT find-up@5.0.0 OK for: eslint@10.4.1 want: ^5.0.0
173 silly placeDep ROOT glob-parent@6.0.2 OK for: eslint@10.4.1 want: ^6.0.2
174 silly placeDep ROOT ignore@5.3.2 OK for: eslint@10.4.1 want: ^5.2.0
175 silly placeDep ROOT imurmurhash@0.1.4 OK for: eslint@10.4.1 want: ^0.1.4
176 silly placeDep ROOT is-glob@4.0.3 OK for: eslint@10.4.1 want: ^4.0.0
177 silly placeDep ROOT json-stable-stringify-without-jsonify@1.0.1 OK for: eslint@10.4.1 want: ^1.0.1
178 silly placeDep ROOT minimatch@10.2.5 OK for: eslint@10.4.1 want: ^10.2.4
179 silly placeDep ROOT natural-compare@1.4.0 OK for: eslint@10.4.1 want: ^1.4.0
180 silly placeDep ROOT optionator@0.9.4 OK for: eslint@10.4.1 want: ^0.9.3
181 silly fetch manifest eslint-visitor-keys@^3.4.3
182 silly packumentCache full:https://registry.npmjs.org/eslint-visitor-keys cache-miss
183 http fetch GET 200 https://registry.npmjs.org/eslint-visitor-keys 21ms (cache hit)
184 silly packumentCache full:https://registry.npmjs.org/eslint-visitor-keys set size:69949 disposed:false
185 silly fetch manifest @eslint/object-schema@^3.0.5
186 silly packumentCache full:https://registry.npmjs.org/@eslint%2fobject-schema cache-miss
187 http fetch GET 200 https://registry.npmjs.org/@eslint%2fobject-schema 51ms (cache miss)
188 silly packumentCache full:https://registry.npmjs.org/@eslint%2fobject-schema set size:undefined disposed:false
189 silly fetch manifest debug@^4.3.1
190 silly packumentCache full:https://registry.npmjs.org/debug cache-miss
191 http fetch GET 200 https://registry.npmjs.org/debug 3ms (cache hit)
192 silly packumentCache full:https://registry.npmjs.org/debug set size:195840 disposed:false
193 silly fetch manifest @types/json-schema@^7.0.15
194 silly packumentCache full:https://registry.npmjs.org/@types%2fjson-schema cache-miss
195 http fetch GET 200 https://registry.npmjs.org/@types%2fjson-schema 50ms (cache miss)
196 silly packumentCache full:https://registry.npmjs.org/@types%2fjson-schema set size:undefined disposed:false
197 silly fetch manifest levn@^0.4.1
198 silly packumentCache full:https://registry.npmjs.org/levn cache-miss
199 http fetch GET 200 https://registry.npmjs.org/levn 29ms (cache miss)
200 silly packumentCache full:https://registry.npmjs.org/levn set size:undefined disposed:false
201 silly fetch manifest @humanwhocodes/retry@^0.4.0
202 silly packumentCache full:https://registry.npmjs.org/@humanwhocodes%2fretry cache-miss
203 http fetch GET 200 https://registry.npmjs.org/@humanwhocodes%2fretry 3ms (cache hit)
204 silly packumentCache full:https://registry.npmjs.org/@humanwhocodes%2fretry set size:42348 disposed:false
205 silly fetch manifest @humanfs/core@^0.19.2
206 silly packumentCache full:https://registry.npmjs.org/@humanfs%2fcore cache-miss
207 http fetch GET 200 https://registry.npmjs.org/@humanfs%2fcore 56ms (cache miss)
208 silly packumentCache full:https://registry.npmjs.org/@humanfs%2fcore set size:undefined disposed:false
209 silly fetch manifest @humanfs/types@^0.15.0
210 silly packumentCache full:https://registry.npmjs.org/@humanfs%2ftypes cache-miss
211 http fetch GET 200 https://registry.npmjs.org/@humanfs%2ftypes 38ms (cache miss)
212 silly packumentCache full:https://registry.npmjs.org/@humanfs%2ftypes set size:undefined disposed:false
213 silly fetch manifest uri-js@^4.2.2
214 silly packumentCache full:https://registry.npmjs.org/uri-js cache-miss
215 http fetch GET 200 https://registry.npmjs.org/uri-js 34ms (cache miss)
216 silly packumentCache full:https://registry.npmjs.org/uri-js set size:undefined disposed:false
217 silly fetch manifest fast-deep-equal@^3.1.1
218 silly packumentCache full:https://registry.npmjs.org/fast-deep-equal cache-miss
219 http fetch GET 200 https://registry.npmjs.org/fast-deep-equal 5ms (cache hit)
220 silly packumentCache full:https://registry.npmjs.org/fast-deep-equal set size:48634 disposed:false
221 silly fetch manifest json-schema-traverse@^0.4.1
222 silly packumentCache full:https://registry.npmjs.org/json-schema-traverse cache-miss
223 http fetch GET 200 https://registry.npmjs.org/json-schema-traverse 28ms (cache miss)
224 silly packumentCache full:https://registry.npmjs.org/json-schema-traverse set size:undefined disposed:false
225 silly fetch manifest fast-json-stable-stringify@^2.0.0
226 silly packumentCache full:https://registry.npmjs.org/fast-json-stable-stringify cache-miss
227 http fetch GET 200 https://registry.npmjs.org/fast-json-stable-stringify 31ms (cache miss)
228 silly packumentCache full:https://registry.npmjs.org/fast-json-stable-stringify set size:undefined disposed:false
229 silly fetch manifest which@^2.0.1
230 silly packumentCache full:https://registry.npmjs.org/which cache-miss
231 http fetch GET 200 https://registry.npmjs.org/which 30ms (cache miss)
232 silly packumentCache full:https://registry.npmjs.org/which set size:undefined disposed:false
233 silly fetch manifest path-key@^3.1.0
234 silly packumentCache full:https://registry.npmjs.org/path-key cache-miss
235 http fetch GET 200 https://registry.npmjs.org/path-key 39ms (cache miss)
236 silly packumentCache full:https://registry.npmjs.org/path-key set size:undefined disposed:false
237 silly fetch manifest shebang-command@^2.0.0
238 silly packumentCache full:https://registry.npmjs.org/shebang-command cache-miss
239 http fetch GET 200 https://registry.npmjs.org/shebang-command 29ms (cache miss)
240 silly packumentCache full:https://registry.npmjs.org/shebang-command set size:undefined disposed:false
241 silly fetch manifest ms@^2.1.3
242 silly packumentCache full:https://registry.npmjs.org/ms cache-miss
243 http fetch GET 200 https://registry.npmjs.org/ms 37ms (cache miss)
244 silly packumentCache full:https://registry.npmjs.org/ms set size:undefined disposed:false
245 silly fetch manifest @types/esrecurse@^4.3.1
246 silly packumentCache full:https://registry.npmjs.org/@types%2fesrecurse cache-miss
247 http fetch GET 200 https://registry.npmjs.org/@types%2fesrecurse 40ms (cache miss)
248 silly packumentCache full:https://registry.npmjs.org/@types%2fesrecurse set size:undefined disposed:false
249 silly fetch manifest esrecurse@^4.3.0
250 silly packumentCache full:https://registry.npmjs.org/esrecurse cache-miss
251 http fetch GET 200 https://registry.npmjs.org/esrecurse 35ms (cache miss)
252 silly packumentCache full:https://registry.npmjs.org/esrecurse set size:undefined disposed:false
253 silly fetch manifest estraverse@^5.2.0
254 silly packumentCache full:https://registry.npmjs.org/estraverse cache-miss
255 http fetch GET 200 https://registry.npmjs.org/estraverse 38ms (cache miss)
256 silly packumentCache full:https://registry.npmjs.org/estraverse set size:undefined disposed:false
257 silly fetch manifest acorn@^8.16.0
258 silly packumentCache full:https://registry.npmjs.org/acorn cache-miss
259 http fetch GET 200 https://registry.npmjs.org/acorn 46ms (cache miss)
260 silly packumentCache full:https://registry.npmjs.org/acorn set size:undefined disposed:false
261 silly fetch manifest acorn-jsx@^5.3.2
262 silly packumentCache full:https://registry.npmjs.org/acorn-jsx cache-miss
263 http fetch GET 200 https://registry.npmjs.org/acorn-jsx 29ms (cache miss)
264 silly packumentCache full:https://registry.npmjs.org/acorn-jsx set size:undefined disposed:false
265 silly fetch manifest estraverse@^5.1.0
266 silly packumentCache full:https://registry.npmjs.org/estraverse cache-miss
267 http fetch GET 200 https://registry.npmjs.org/estraverse 22ms (cache hit)
268 silly packumentCache full:https://registry.npmjs.org/estraverse set size:62412 disposed:false
269 silly fetch manifest flat-cache@^4.0.0
270 silly packumentCache full:https://registry.npmjs.org/flat-cache cache-miss
271 http fetch GET 200 https://registry.npmjs.org/flat-cache 43ms (cache miss)
272 silly packumentCache full:https://registry.npmjs.org/flat-cache set size:undefined disposed:false
273 silly fetch manifest locate-path@^6.0.0
274 silly packumentCache full:https://registry.npmjs.org/locate-path cache-miss
275 http fetch GET 200 https://registry.npmjs.org/locate-path 35ms (cache miss)
276 silly packumentCache full:https://registry.npmjs.org/locate-path set size:undefined disposed:false
277 silly fetch manifest path-exists@^4.0.0
278 silly packumentCache full:https://registry.npmjs.org/path-exists cache-miss
279 http fetch GET 200 https://registry.npmjs.org/path-exists 68ms (cache miss)
280 silly packumentCache full:https://registry.npmjs.org/path-exists set size:undefined disposed:false
281 silly fetch manifest is-glob@^4.0.3
282 silly packumentCache full:https://registry.npmjs.org/is-glob cache-miss
283 http fetch GET 200 https://registry.npmjs.org/is-glob 3ms (cache hit)
284 silly packumentCache full:https://registry.npmjs.org/is-glob set size:40530 disposed:false
285 silly fetch manifest is-extglob@^2.1.1
286 silly packumentCache full:https://registry.npmjs.org/is-extglob cache-miss
287 http fetch GET 200 https://registry.npmjs.org/is-extglob 31ms (cache miss)
288 silly packumentCache full:https://registry.npmjs.org/is-extglob set size:undefined disposed:false
289 silly fetch manifest brace-expansion@^5.0.5
290 silly packumentCache full:https://registry.npmjs.org/brace-expansion cache-miss
291 http fetch GET 200 https://registry.npmjs.org/brace-expansion 72ms (cache miss)
292 silly packumentCache full:https://registry.npmjs.org/brace-expansion set size:undefined disposed:false
293 silly fetch manifest prelude-ls@^1.2.1
294 silly packumentCache full:https://registry.npmjs.org/prelude-ls cache-miss
295 http fetch GET 200 https://registry.npmjs.org/prelude-ls 30ms (cache miss)
296 silly packumentCache full:https://registry.npmjs.org/prelude-ls set size:undefined disposed:false
297 silly fetch manifest deep-is@^0.1.3
298 silly packumentCache full:https://registry.npmjs.org/deep-is cache-miss
299 http fetch GET 200 https://registry.npmjs.org/deep-is 34ms (cache miss)
300 silly packumentCache full:https://registry.npmjs.org/deep-is set size:undefined disposed:false
301 silly fetch manifest word-wrap@^1.2.5
302 silly packumentCache full:https://registry.npmjs.org/word-wrap cache-miss
303 http fetch GET 200 https://registry.npmjs.org/word-wrap 30ms (cache miss)
304 silly packumentCache full:https://registry.npmjs.org/word-wrap set size:undefined disposed:false
305 silly fetch manifest type-check@^0.4.0
306 silly packumentCache full:https://registry.npmjs.org/type-check cache-miss
307 http fetch GET 200 https://registry.npmjs.org/type-check 39ms (cache miss)
308 silly packumentCache full:https://registry.npmjs.org/type-check set size:undefined disposed:false
309 silly fetch manifest fast-levenshtein@^2.0.6
310 silly packumentCache full:https://registry.npmjs.org/fast-levenshtein cache-miss
311 http fetch GET 200 https://registry.npmjs.org/fast-levenshtein 32ms (cache miss)
312 silly packumentCache full:https://registry.npmjs.org/fast-levenshtein set size:undefined disposed:false
313 silly placeDep node_modules/@eslint-community/eslint-utils eslint-visitor-keys@3.4.3 OK for: @eslint-community/eslint-utils@4.9.1 want: ^3.4.3
314 silly placeDep ROOT @eslint/object-schema@3.0.5 OK for: @eslint/config-array@0.23.5 want: ^3.0.5
315 silly placeDep ROOT @types/json-schema@7.0.15 OK for: @eslint/core@1.2.1 want: ^7.0.15
316 silly placeDep ROOT levn@0.4.1 OK for: @eslint/plugin-kit@0.7.2 want: ^0.4.1
317 silly fetch manifest type-check@~0.4.0
318 silly packumentCache full:https://registry.npmjs.org/type-check cache-miss
319 http fetch GET 200 https://registry.npmjs.org/type-check 3ms (cache hit)
320 silly packumentCache full:https://registry.npmjs.org/type-check set size:21221 disposed:false
321 silly placeDep ROOT @humanfs/core@0.19.2 OK for: @humanfs/node@0.16.8 want: ^0.19.2
322 silly placeDep ROOT @humanfs/types@0.15.0 OK for: @humanfs/node@0.16.8 want: ^0.15.0
323 silly placeDep ROOT fast-json-stable-stringify@2.1.0 OK for: ajv@6.15.0 want: ^2.0.0
324 silly placeDep ROOT json-schema-traverse@0.4.1 OK for: ajv@6.15.0 want: ^0.4.1
325 silly placeDep ROOT uri-js@4.4.1 OK for: ajv@6.15.0 want: ^4.2.2
326 silly fetch manifest punycode@^2.1.0
327 silly packumentCache full:https://registry.npmjs.org/punycode cache-miss
328 http fetch GET 200 https://registry.npmjs.org/punycode 42ms (cache miss)
329 silly packumentCache full:https://registry.npmjs.org/punycode set size:undefined disposed:false
330 silly placeDep ROOT path-key@3.1.1 OK for: cross-spawn@7.0.6 want: ^3.1.0
331 silly placeDep ROOT shebang-command@2.0.0 OK for: cross-spawn@7.0.6 want: ^2.0.0
332 silly placeDep ROOT which@2.0.2 OK for: cross-spawn@7.0.6 want: ^2.0.1
333 silly fetch manifest shebang-regex@^3.0.0
334 silly packumentCache full:https://registry.npmjs.org/shebang-regex cache-miss
335 http fetch GET 200 https://registry.npmjs.org/shebang-regex 32ms (cache miss)
336 silly packumentCache full:https://registry.npmjs.org/shebang-regex set size:undefined disposed:false
337 silly fetch manifest isexe@^2.0.0
338 silly packumentCache full:https://registry.npmjs.org/isexe cache-miss
339 http fetch GET 200 https://registry.npmjs.org/isexe 40ms (cache miss)
340 silly packumentCache full:https://registry.npmjs.org/isexe set size:undefined disposed:false
341 silly placeDep ROOT ms@2.1.3 OK for: debug@4.4.3 want: ^2.1.3
342 silly placeDep ROOT @types/esrecurse@4.3.1 OK for: eslint-scope@9.1.2 want: ^4.3.1
343 silly placeDep ROOT esrecurse@4.3.0 OK for: eslint-scope@9.1.2 want: ^4.3.0
344 silly placeDep ROOT estraverse@5.3.0 OK for: eslint-scope@9.1.2 want: ^5.2.0
345 silly placeDep ROOT acorn@8.16.0 OK for: espree@11.2.0 want: ^8.16.0
346 silly placeDep ROOT acorn-jsx@5.3.2 OK for: espree@11.2.0 want: ^5.3.2
347 silly placeDep ROOT flat-cache@4.0.1 OK for: file-entry-cache@8.0.0 want: ^4.0.0
348 silly fetch manifest keyv@^4.5.4
349 silly packumentCache full:https://registry.npmjs.org/keyv cache-miss
350 http fetch GET 200 https://registry.npmjs.org/keyv 35ms (cache miss)
351 silly packumentCache full:https://registry.npmjs.org/keyv set size:undefined disposed:false
352 silly fetch manifest flatted@^3.2.9
353 silly packumentCache full:https://registry.npmjs.org/flatted cache-miss
354 http fetch GET 200 https://registry.npmjs.org/flatted 44ms (cache miss)
355 silly packumentCache full:https://registry.npmjs.org/flatted set size:undefined disposed:false
356 silly placeDep ROOT locate-path@6.0.0 OK for: find-up@5.0.0 want: ^6.0.0
357 silly placeDep ROOT path-exists@4.0.0 OK for: find-up@5.0.0 want: ^4.0.0
358 silly fetch manifest p-locate@^5.0.0
359 silly packumentCache full:https://registry.npmjs.org/p-locate cache-miss
360 http fetch GET 200 https://registry.npmjs.org/p-locate 36ms (cache miss)
361 silly packumentCache full:https://registry.npmjs.org/p-locate set size:undefined disposed:false
362 silly placeDep ROOT flatted@3.4.2 OK for: flat-cache@4.0.1 want: ^3.2.9
363 silly placeDep ROOT keyv@4.5.4 OK for: flat-cache@4.0.1 want: ^4.5.4
364 silly fetch manifest json-buffer@3.0.1
365 silly packumentCache full:https://registry.npmjs.org/json-buffer cache-miss
366 http fetch GET 200 https://registry.npmjs.org/json-buffer 41ms (cache miss)
367 silly packumentCache full:https://registry.npmjs.org/json-buffer set size:undefined disposed:false
368 silly placeDep ROOT is-extglob@2.1.1 OK for: is-glob@4.0.3 want: ^2.1.1
369 silly placeDep ROOT json-buffer@3.0.1 OK for: keyv@4.5.4 want: 3.0.1
370 silly placeDep ROOT prelude-ls@1.2.1 OK for: levn@0.4.1 want: ^1.2.1
371 silly placeDep ROOT type-check@0.4.0 OK for: levn@0.4.1 want: ~0.4.0
372 silly placeDep ROOT p-locate@5.0.0 OK for: locate-path@6.0.0 want: ^5.0.0
373 silly fetch manifest p-limit@^3.0.2
374 silly packumentCache full:https://registry.npmjs.org/p-limit cache-miss
375 http fetch GET 200 https://registry.npmjs.org/p-limit 34ms (cache miss)
376 silly packumentCache full:https://registry.npmjs.org/p-limit set size:undefined disposed:false
377 silly placeDep ROOT brace-expansion@5.0.6 OK for: minimatch@10.2.5 want: ^5.0.5
378 silly fetch manifest balanced-match@^4.0.2
379 silly packumentCache full:https://registry.npmjs.org/balanced-match cache-miss
380 http fetch GET 200 https://registry.npmjs.org/balanced-match 51ms (cache miss)
381 silly packumentCache full:https://registry.npmjs.org/balanced-match set size:undefined disposed:false
382 silly placeDep ROOT balanced-match@4.0.4 OK for: brace-expansion@5.0.6 want: ^4.0.2
383 silly placeDep ROOT deep-is@0.1.4 OK for: optionator@0.9.4 want: ^0.1.3
384 silly placeDep ROOT fast-levenshtein@2.0.6 OK for: optionator@0.9.4 want: ^2.0.6
385 silly placeDep ROOT word-wrap@1.2.5 OK for: optionator@0.9.4 want: ^1.2.5
386 silly placeDep ROOT p-limit@3.1.0 OK for: p-locate@5.0.0 want: ^3.0.2
387 silly fetch manifest yocto-queue@^0.1.0
388 silly packumentCache full:https://registry.npmjs.org/yocto-queue cache-miss
389 http fetch GET 200 https://registry.npmjs.org/yocto-queue 28ms (cache miss)
390 silly packumentCache full:https://registry.npmjs.org/yocto-queue set size:undefined disposed:false
391 silly placeDep ROOT yocto-queue@0.1.0 OK for: p-limit@3.1.0 want: ^0.1.0
392 silly placeDep ROOT shebang-regex@3.0.0 OK for: shebang-command@2.0.0 want: ^3.0.0
393 silly placeDep ROOT punycode@2.3.1 OK for: uri-js@4.4.1 want: ^2.1.0
394 silly placeDep ROOT isexe@2.0.0 OK for: which@2.0.2 want: ^2.0.0
395 silly reify moves {}
396 silly audit bulk request {
396 silly audit   eslint: [ '10.4.1' ],
396 silly audit   '@eslint-community/eslint-utils': [ '4.9.1' ],
396 silly audit   '@eslint-community/regexpp': [ '4.12.2' ],
396 silly audit   '@eslint/config-array': [ '0.23.5' ],
396 silly audit   '@eslint/config-helpers': [ '0.6.0' ],
396 silly audit   '@eslint/core': [ '1.2.1' ],
396 silly audit   '@eslint/plugin-kit': [ '0.7.2' ],
396 silly audit   '@humanfs/node': [ '0.16.8' ],
396 silly audit   '@humanwhocodes/module-importer': [ '1.0.1' ],
396 silly audit   '@humanwhocodes/retry': [ '0.4.3' ],
396 silly audit   '@types/estree': [ '1.0.9' ],
396 silly audit   ajv: [ '6.15.0' ],
396 silly audit   'cross-spawn': [ '7.0.6' ],
396 silly audit   debug: [ '4.4.3' ],
396 silly audit   'escape-string-regexp': [ '4.0.0' ],
396 silly audit   'eslint-scope': [ '9.1.2' ],
396 silly audit   'eslint-visitor-keys': [ '5.0.1', '3.4.3' ],
396 silly audit   espree: [ '11.2.0' ],
396 silly audit   esquery: [ '1.7.0' ],
396 silly audit   esutils: [ '2.0.3' ],
396 silly audit   'fast-deep-equal': [ '3.1.3' ],
396 silly audit   'file-entry-cache': [ '8.0.0' ],
396 silly audit   'find-up': [ '5.0.0' ],
396 silly audit   'glob-parent': [ '6.0.2' ],
396 silly audit   ignore: [ '5.3.2' ],
396 silly audit   imurmurhash: [ '0.1.4' ],
396 silly audit   'is-glob': [ '4.0.3' ],
396 silly audit   'json-stable-stringify-without-jsonify': [ '1.0.1' ],
396 silly audit   minimatch: [ '10.2.5' ],
396 silly audit   'natural-compare': [ '1.4.0' ],
396 silly audit   optionator: [ '0.9.4' ],
396 silly audit   '@eslint/object-schema': [ '3.0.5' ],
396 silly audit   '@types/json-schema': [ '7.0.15' ],
396 silly audit   levn: [ '0.4.1' ],
396 silly audit   '@humanfs/core': [ '0.19.2' ],
396 silly audit   '@humanfs/types': [ '0.15.0' ],
396 silly audit   'fast-json-stable-stringify': [ '2.1.0' ],
396 silly audit   'json-schema-traverse': [ '0.4.1' ],
396 silly audit   'uri-js': [ '4.4.1' ],
396 silly audit   'path-key': [ '3.1.1' ],
396 silly audit   'shebang-command': [ '2.0.0' ],
396 silly audit   which: [ '2.0.2' ],
396 silly audit   ms: [ '2.1.3' ],
396 silly audit   '@types/esrecurse': [ '4.3.1' ],
396 silly audit   esrecurse: [ '4.3.0' ],
396 silly audit   estraverse: [ '5.3.0' ],
396 silly audit   acorn: [ '8.16.0' ],
396 silly audit   'acorn-jsx': [ '5.3.2' ],
396 silly audit   'flat-cache': [ '4.0.1' ],
396 silly audit   'locate-path': [ '6.0.0' ],
396 silly audit   'path-exists': [ '4.0.0' ],
396 silly audit   flatted: [ '3.4.2' ],
396 silly audit   keyv: [ '4.5.4' ],
396 silly audit   'is-extglob': [ '2.1.1' ],
396 silly audit   'json-buffer': [ '3.0.1' ],
396 silly audit   'prelude-ls': [ '1.2.1' ],
396 silly audit   'type-check': [ '0.4.0' ],
396 silly audit   'p-locate': [ '5.0.0' ],
396 silly audit   'brace-expansion': [ '5.0.6' ],
396 silly audit   'balanced-match': [ '4.0.4' ],
396 silly audit   'deep-is': [ '0.1.4' ],
396 silly audit   'fast-levenshtein': [ '2.0.6' ],
396 silly audit   'word-wrap': [ '1.2.5' ],
396 silly audit   'p-limit': [ '3.1.0' ],
396 silly audit   'yocto-queue': [ '0.1.0' ],
396 silly audit   'shebang-regex': [ '3.0.0' ],
396 silly audit   punycode: [ '2.3.1' ],
396 silly audit   isexe: [ '2.0.0' ]
396 silly audit }
397 silly tarball no local data for punycode@https://registry.npmjs.org/punycode/-/punycode-2.3.1.tgz. Extracting by manifest.
398 silly tarball no local data for shebang-regex@https://registry.npmjs.org/shebang-regex/-/shebang-regex-3.0.0.tgz. Extracting by manifest.
399 silly tarball no local data for yocto-queue@https://registry.npmjs.org/yocto-queue/-/yocto-queue-0.1.0.tgz. Extracting by manifest.
400 silly tarball no local data for isexe@https://registry.npmjs.org/isexe/-/isexe-2.0.0.tgz. Extracting by manifest.
401 silly tarball no local data for p-limit@https://registry.npmjs.org/p-limit/-/p-limit-3.1.0.tgz. Extracting by manifest.
402 silly tarball no local data for fast-levenshtein@https://registry.npmjs.org/fast-levenshtein/-/fast-levenshtein-2.0.6.tgz. Extracting by manifest.
403 silly tarball no local data for word-wrap@https://registry.npmjs.org/word-wrap/-/word-wrap-1.2.5.tgz. Extracting by manifest.
404 silly tarball no local data for deep-is@https://registry.npmjs.org/deep-is/-/deep-is-0.1.4.tgz. Extracting by manifest.
405 silly tarball no local data for balanced-match@https://registry.npmjs.org/balanced-match/-/balanced-match-4.0.4.tgz. Extracting by manifest.
406 silly tarball no local data for brace-expansion@https://registry.npmjs.org/brace-expansion/-/brace-expansion-5.0.6.tgz. Extracting by manifest.
407 silly tarball no local data for p-locate@https://registry.npmjs.org/p-locate/-/p-locate-5.0.0.tgz. Extracting by manifest.
408 silly tarball no local data for type-check@https://registry.npmjs.org/type-check/-/type-check-0.4.0.tgz. Extracting by manifest.
409 silly tarball no local data for prelude-ls@https://registry.npmjs.org/prelude-ls/-/prelude-ls-1.2.1.tgz. Extracting by manifest.
410 silly tarball no local data for json-buffer@https://registry.npmjs.org/json-buffer/-/json-buffer-3.0.1.tgz. Extracting by manifest.
411 silly tarball no local data for is-extglob@https://registry.npmjs.org/is-extglob/-/is-extglob-2.1.1.tgz. Extracting by manifest.
412 silly tarball no local data for flatted@https://registry.npmjs.org/flatted/-/flatted-3.4.2.tgz. Extracting by manifest.
413 silly tarball no local data for keyv@https://registry.npmjs.org/keyv/-/keyv-4.5.4.tgz. Extracting by manifest.
414 silly tarball no local data for path-exists@https://registry.npmjs.org/path-exists/-/path-exists-4.0.0.tgz. Extracting by manifest.
415 silly tarball no local data for locate-path@https://registry.npmjs.org/locate-path/-/locate-path-6.0.0.tgz. Extracting by manifest.
416 silly tarball no local data for flat-cache@https://registry.npmjs.org/flat-cache/-/flat-cache-4.0.1.tgz. Extracting by manifest.
417 silly tarball no local data for acorn-jsx@https://registry.npmjs.org/acorn-jsx/-/acorn-jsx-5.3.2.tgz. Extracting by manifest.
418 silly tarball no local data for acorn@https://registry.npmjs.org/acorn/-/acorn-8.16.0.tgz. Extracting by manifest.
419 silly tarball no local data for estraverse@https://registry.npmjs.org/estraverse/-/estraverse-5.3.0.tgz. Extracting by manifest.
420 silly tarball no local data for esrecurse@https://registry.npmjs.org/esrecurse/-/esrecurse-4.3.0.tgz. Extracting by manifest.
421 silly tarball no local data for @types/esrecurse@https://registry.npmjs.org/@types/esrecurse/-/esrecurse-4.3.1.tgz. Extracting by manifest.
422 silly tarball no local data for ms@https://registry.npmjs.org/ms/-/ms-2.1.3.tgz. Extracting by manifest.
423 silly tarball no local data for which@https://registry.npmjs.org/which/-/which-2.0.2.tgz. Extracting by manifest.
424 silly tarball no local data for shebang-command@https://registry.npmjs.org/shebang-command/-/shebang-command-2.0.0.tgz. Extracting by manifest.
425 silly tarball no local data for path-key@https://registry.npmjs.org/path-key/-/path-key-3.1.1.tgz. Extracting by manifest.
426 silly tarball no local data for uri-js@https://registry.npmjs.org/uri-js/-/uri-js-4.4.1.tgz. Extracting by manifest.
427 silly tarball no local data for json-schema-traverse@https://registry.npmjs.org/json-schema-traverse/-/json-schema-traverse-0.4.1.tgz. Extracting by manifest.
428 silly tarball no local data for fast-json-stable-stringify@https://registry.npmjs.org/fast-json-stable-stringify/-/fast-json-stable-stringify-2.1.0.tgz. Extracting by manifest.
429 silly tarball no local data for @humanfs/types@https://registry.npmjs.org/@humanfs/types/-/types-0.15.0.tgz. Extracting by manifest.
430 silly tarball no local data for @humanfs/core@https://registry.npmjs.org/@humanfs/core/-/core-0.19.2.tgz. Extracting by manifest.
431 silly tarball no local data for levn@https://registry.npmjs.org/levn/-/levn-0.4.1.tgz. Extracting by manifest.
432 silly tarball no local data for @types/json-schema@https://registry.npmjs.org/@types/json-schema/-/json-schema-7.0.15.tgz. Extracting by manifest.
433 silly tarball no local data for @eslint/object-schema@https://registry.npmjs.org/@eslint/object-schema/-/object-schema-3.0.5.tgz. Extracting by manifest.
434 silly tarball no local data for optionator@https://registry.npmjs.org/optionator/-/optionator-0.9.4.tgz. Extracting by manifest.
435 silly tarball no local data for natural-compare@https://registry.npmjs.org/natural-compare/-/natural-compare-1.4.0.tgz. Extracting by manifest.
436 silly tarball no local data for minimatch@https://registry.npmjs.org/minimatch/-/minimatch-10.2.5.tgz. Extracting by manifest.
437 silly tarball no local data for json-stable-stringify-without-jsonify@https://registry.npmjs.org/json-stable-stringify-without-jsonify/-/json-stable-stringify-without-jsonify-1.0.1.tgz. Extracting by manifest.
438 silly tarball no local data for is-glob@https://registry.npmjs.org/is-glob/-/is-glob-4.0.3.tgz. Extracting by manifest.
439 silly tarball no local data for ignore@https://registry.npmjs.org/ignore/-/ignore-5.3.2.tgz. Extracting by manifest.
440 silly tarball no local data for glob-parent@https://registry.npmjs.org/glob-parent/-/glob-parent-6.0.2.tgz. Extracting by manifest.
441 silly tarball no local data for find-up@https://registry.npmjs.org/find-up/-/find-up-5.0.0.tgz. Extracting by manifest.
442 silly tarball no local data for file-entry-cache@https://registry.npmjs.org/file-entry-cache/-/file-entry-cache-8.0.0.tgz. Extracting by manifest.
443 silly tarball no local data for fast-deep-equal@https://registry.npmjs.org/fast-deep-equal/-/fast-deep-equal-3.1.3.tgz. Extracting by manifest.
444 silly tarball no local data for esutils@https://registry.npmjs.org/esutils/-/esutils-2.0.3.tgz. Extracting by manifest.
445 silly tarball no local data for imurmurhash@https://registry.npmjs.org/imurmurhash/-/imurmurhash-0.1.4.tgz. Extracting by manifest.
446 silly tarball no local data for esquery@https://registry.npmjs.org/esquery/-/esquery-1.7.0.tgz. Extracting by manifest.
447 silly tarball no local data for espree@https://registry.npmjs.org/espree/-/espree-11.2.0.tgz. Extracting by manifest.
448 silly tarball no local data for eslint-visitor-keys@https://registry.npmjs.org/eslint-visitor-keys/-/eslint-visitor-keys-5.0.1.tgz. Extracting by manifest.
449 silly tarball no local data for eslint-scope@https://registry.npmjs.org/eslint-scope/-/eslint-scope-9.1.2.tgz. Extracting by manifest.
450 silly tarball no local data for escape-string-regexp@https://registry.npmjs.org/escape-string-regexp/-/escape-string-regexp-4.0.0.tgz. Extracting by manifest.
451 silly tarball no local data for debug@https://registry.npmjs.org/debug/-/debug-4.4.3.tgz. Extracting by manifest.
452 silly tarball no local data for cross-spawn@https://registry.npmjs.org/cross-spawn/-/cross-spawn-7.0.6.tgz. Extracting by manifest.
453 silly tarball no local data for ajv@https://registry.npmjs.org/ajv/-/ajv-6.15.0.tgz. Extracting by manifest.
454 silly tarball no local data for @types/estree@https://registry.npmjs.org/@types/estree/-/estree-1.0.9.tgz. Extracting by manifest.
455 silly tarball no local data for @humanwhocodes/retry@https://registry.npmjs.org/@humanwhocodes/retry/-/retry-0.4.3.tgz. Extracting by manifest.
456 silly tarball no local data for @humanwhocodes/module-importer@https://registry.npmjs.org/@humanwhocodes/module-importer/-/module-importer-1.0.1.tgz. Extracting by manifest.
457 silly tarball no local data for @humanfs/node@https://registry.npmjs.org/@humanfs/node/-/node-0.16.8.tgz. Extracting by manifest.
458 silly tarball no local data for @eslint/plugin-kit@https://registry.npmjs.org/@eslint/plugin-kit/-/plugin-kit-0.7.2.tgz. Extracting by manifest.
459 silly tarball no local data for @eslint/core@https://registry.npmjs.org/@eslint/core/-/core-1.2.1.tgz. Extracting by manifest.
460 silly tarball no local data for @eslint/config-helpers@https://registry.npmjs.org/@eslint/config-helpers/-/config-helpers-0.6.0.tgz. Extracting by manifest.
461 silly tarball no local data for @eslint/config-array@https://registry.npmjs.org/@eslint/config-array/-/config-array-0.23.5.tgz. Extracting by manifest.
462 silly tarball no local data for @eslint-community/regexpp@https://registry.npmjs.org/@eslint-community/regexpp/-/regexpp-4.12.2.tgz. Extracting by manifest.
463 silly tarball no local data for @eslint-community/eslint-utils@https://registry.npmjs.org/@eslint-community/eslint-utils/-/eslint-utils-4.9.1.tgz. Extracting by manifest.
464 silly tarball no local data for eslint@https://registry.npmjs.org/eslint/-/eslint-10.4.1.tgz. Extracting by manifest.
465 silly tarball no local data for eslint-visitor-keys@https://registry.npmjs.org/eslint-visitor-keys/-/eslint-visitor-keys-3.4.3.tgz. Extracting by manifest.
466 http fetch POST 200 https://registry.npmjs.org/-/npm/v1/security/advisories/bulk 157ms
467 silly audit report {}
468 http fetch GET 200 https://registry.npmjs.org/punycode/-/punycode-2.3.1.tgz 140ms (cache miss)
469 http fetch GET 200 https://registry.npmjs.org/is-extglob/-/is-extglob-2.1.1.tgz 227ms (cache miss)
470 http fetch GET 200 https://registry.npmjs.org/keyv/-/keyv-4.5.4.tgz 257ms (cache miss)
471 http fetch GET 200 https://registry.npmjs.org/isexe/-/isexe-2.0.0.tgz 318ms (cache miss)
472 http fetch GET 200 https://registry.npmjs.org/word-wrap/-/word-wrap-1.2.5.tgz 341ms (cache miss)
473 http fetch GET 200 https://registry.npmjs.org/flatted/-/flatted-3.4.2.tgz 382ms (cache miss)
474 http fetch GET 200 https://registry.npmjs.org/yocto-queue/-/yocto-queue-0.1.0.tgz 392ms (cache miss)
475 http fetch GET 200 https://registry.npmjs.org/shebang-regex/-/shebang-regex-3.0.0.tgz 433ms (cache miss)
476 http fetch GET 200 https://registry.npmjs.org/path-exists/-/path-exists-4.0.0.tgz 421ms (cache miss)
477 http fetch GET 200 https://registry.npmjs.org/fast-levenshtein/-/fast-levenshtein-2.0.6.tgz 442ms (cache miss)
478 http fetch GET 200 https://registry.npmjs.org/locate-path/-/locate-path-6.0.0.tgz 434ms (cache miss)
479 http fetch GET 200 https://registry.npmjs.org/json-buffer/-/json-buffer-3.0.1.tgz 438ms (cache miss)
480 http fetch GET 200 https://registry.npmjs.org/p-locate/-/p-locate-5.0.0.tgz 446ms (cache miss)
481 http fetch GET 200 https://registry.npmjs.org/p-limit/-/p-limit-3.1.0.tgz 458ms (cache miss)
482 http fetch GET 200 https://registry.npmjs.org/which/-/which-2.0.2.tgz 441ms (cache miss)
483 http fetch GET 200 https://registry.npmjs.org/deep-is/-/deep-is-0.1.4.tgz 460ms (cache miss)
484 http fetch GET 200 https://registry.npmjs.org/@types/esrecurse/-/esrecurse-4.3.1.tgz 448ms (cache miss)
485 http fetch GET 200 https://registry.npmjs.org/ms/-/ms-2.1.3.tgz 458ms (cache miss)
486 http fetch GET 200 https://registry.npmjs.org/path-key/-/path-key-3.1.1.tgz 457ms (cache miss)
487 http fetch GET 200 https://registry.npmjs.org/type-check/-/type-check-0.4.0.tgz 473ms (cache miss)
488 http fetch GET 200 https://registry.npmjs.org/acorn-jsx/-/acorn-jsx-5.3.2.tgz 469ms (cache miss)
489 http fetch GET 200 https://registry.npmjs.org/shebang-command/-/shebang-command-2.0.0.tgz 463ms (cache miss)
490 http fetch GET 200 https://registry.npmjs.org/optionator/-/optionator-0.9.4.tgz 460ms (cache miss)
491 http fetch GET 200 https://registry.npmjs.org/glob-parent/-/glob-parent-6.0.2.tgz 458ms (cache miss)
492 http fetch GET 200 https://registry.npmjs.org/balanced-match/-/balanced-match-4.0.4.tgz 485ms (cache miss)
493 http fetch GET 200 https://registry.npmjs.org/esrecurse/-/esrecurse-4.3.0.tgz 483ms (cache miss)
494 http fetch GET 200 https://registry.npmjs.org/json-schema-traverse/-/json-schema-traverse-0.4.1.tgz 478ms (cache miss)
495 http fetch GET 200 https://registry.npmjs.org/find-up/-/find-up-5.0.0.tgz 478ms (cache miss)
496 http fetch GET 200 https://registry.npmjs.org/file-entry-cache/-/file-entry-cache-8.0.0.tgz 482ms (cache miss)
497 http fetch GET 200 https://registry.npmjs.org/is-glob/-/is-glob-4.0.3.tgz 494ms (cache miss)
498 http fetch GET 200 https://registry.npmjs.org/natural-compare/-/natural-compare-1.4.0.tgz 496ms (cache miss)
499 http fetch GET 200 https://registry.npmjs.org/esutils/-/esutils-2.0.3.tgz 491ms (cache miss)
500 http fetch GET 200 https://registry.npmjs.org/fast-deep-equal/-/fast-deep-equal-3.1.3.tgz 493ms (cache miss)
501 http fetch GET 200 https://registry.npmjs.org/flat-cache/-/flat-cache-4.0.1.tgz 521ms (cache miss)
502 http fetch GET 200 https://registry.npmjs.org/estraverse/-/estraverse-5.3.0.tgz 519ms (cache miss)
503 http fetch GET 200 https://registry.npmjs.org/json-stable-stringify-without-jsonify/-/json-stable-stringify-without-jsonify-1.0.1.tgz 504ms (cache miss)
504 http fetch GET 200 https://registry.npmjs.org/imurmurhash/-/imurmurhash-0.1.4.tgz 500ms (cache miss)
505 http fetch GET 200 https://registry.npmjs.org/@humanfs/types/-/types-0.15.0.tgz 516ms (cache miss)
506 http fetch GET 200 https://registry.npmjs.org/escape-string-regexp/-/escape-string-regexp-4.0.0.tgz 504ms (cache miss)
507 http fetch GET 200 https://registry.npmjs.org/@humanfs/node/-/node-0.16.8.tgz 499ms (cache miss)
508 http fetch GET 200 https://registry.npmjs.org/brace-expansion/-/brace-expansion-5.0.6.tgz 539ms (cache miss)
509 http fetch GET 200 https://registry.npmjs.org/prelude-ls/-/prelude-ls-1.2.1.tgz 537ms (cache miss)
510 http fetch GET 200 https://registry.npmjs.org/@types/estree/-/estree-1.0.9.tgz 507ms (cache miss)
511 http fetch GET 200 https://registry.npmjs.org/@types/json-schema/-/json-schema-7.0.15.tgz 527ms (cache miss)
512 http fetch GET 200 https://registry.npmjs.org/@humanwhocodes/retry/-/retry-0.4.3.tgz 509ms (cache miss)
513 http fetch GET 200 https://registry.npmjs.org/levn/-/levn-0.4.1.tgz 533ms (cache miss)
514 http fetch GET 200 https://registry.npmjs.org/@humanwhocodes/module-importer/-/module-importer-1.0.1.tgz 513ms (cache miss)
515 http fetch GET 200 https://registry.npmjs.org/fast-json-stable-stringify/-/fast-json-stable-stringify-2.1.0.tgz 538ms (cache miss)
516 http fetch GET 200 https://registry.npmjs.org/ignore/-/ignore-5.3.2.tgz 533ms (cache miss)
517 http fetch GET 200 https://registry.npmjs.org/eslint-visitor-keys/-/eslint-visitor-keys-5.0.1.tgz 530ms (cache miss)
518 http fetch GET 200 https://registry.npmjs.org/cross-spawn/-/cross-spawn-7.0.6.tgz 524ms (cache miss)
519 http fetch GET 200 https://registry.npmjs.org/eslint-visitor-keys/-/eslint-visitor-keys-3.4.3.tgz 519ms (cache miss)
520 http fetch GET 200 https://registry.npmjs.org/@humanfs/core/-/core-0.19.2.tgz 551ms (cache miss)
521 http fetch GET 200 https://registry.npmjs.org/@eslint/object-schema/-/object-schema-3.0.5.tgz 547ms (cache miss)
522 http fetch GET 200 https://registry.npmjs.org/debug/-/debug-4.4.3.tgz 535ms (cache miss)
523 http fetch GET 200 https://registry.npmjs.org/eslint-scope/-/eslint-scope-9.1.2.tgz 553ms (cache miss)
524 http fetch GET 200 https://registry.npmjs.org/@eslint/core/-/core-1.2.1.tgz 547ms (cache miss)
525 http fetch GET 200 https://registry.npmjs.org/espree/-/espree-11.2.0.tgz 562ms (cache miss)
526 http fetch GET 200 https://registry.npmjs.org/@eslint-community/regexpp/-/regexpp-4.12.2.tgz 549ms (cache miss)
527 http fetch GET 200 https://registry.npmjs.org/@eslint/config-helpers/-/config-helpers-0.6.0.tgz 552ms (cache miss)
528 http fetch GET 200 https://registry.npmjs.org/@eslint/plugin-kit/-/plugin-kit-0.7.2.tgz 556ms (cache miss)
529 http fetch GET 200 https://registry.npmjs.org/@eslint-community/eslint-utils/-/eslint-utils-4.9.1.tgz 550ms (cache miss)
530 http fetch GET 200 https://registry.npmjs.org/@eslint/config-array/-/config-array-0.23.5.tgz 572ms (cache miss)
531 http fetch GET 200 https://registry.npmjs.org/acorn/-/acorn-8.16.0.tgz 611ms (cache miss)
532 http fetch GET 200 https://registry.npmjs.org/esquery/-/esquery-1.7.0.tgz 602ms (cache miss)
533 http fetch GET 200 https://registry.npmjs.org/uri-js/-/uri-js-4.4.1.tgz 625ms (cache miss)
534 http fetch GET 200 https://registry.npmjs.org/minimatch/-/minimatch-10.2.5.tgz 620ms (cache miss)
535 http fetch GET 200 https://registry.npmjs.org/ajv/-/ajv-6.15.0.tgz 625ms (cache miss)
536 http fetch GET 200 https://registry.npmjs.org/eslint/-/eslint-10.4.1.tgz 692ms (cache miss)
537 verbose cwd /home/user
538 verbose os Linux 6.1.158+
539 verbose node v20.20.2
540 verbose npm  v10.8.2
541 notice
541 notice New major version of npm available! 10.8.2 -> 11.16.0
541 notice Changelog: https://github.com/npm/cli/releases/tag/v11.16.0
541 notice To update run: npm install -g npm@11.16.0
541 notice  { force: true, [Symbol(proc-log.meta)]: true }
542 verbose exit 2
543 verbose code 2
