0 verbose cli /usr/bin/node /usr/lib/node_modules/npm/bin/npm-cli.js
1 info using npm@10.8.2
2 info using node@v20.20.2
3 silly config load:file:/usr/lib/node_modules/npm/npmrc
4 silly config load:file:/home/user/frontend/.npmrc
5 silly config load:file:/home/user/.npmrc
6 silly config load:file:/usr/etc/npmrc
7 verbose title npm exec vite build
8 verbose argv "exec" "--" "vite" "build"
9 verbose logfile logs-max:10 dir:/home/user/.npm/_logs/2026-06-03T18_27_08_957Z-
10 verbose logfile /home/user/.npm/_logs/2026-06-03T18_27_08_957Z-debug-0.log
11 silly logfile done cleaning log files
12 silly packumentCache heap:1002438656 maxSize:250609664 maxEntrySize:125304832
13 http fetch GET 200 https://registry.npmjs.org/npm 185ms
14 http fetch GET 200 https://registry.npmjs.org/vite 192ms (cache miss)
15 silly packumentCache heap:1002438656 maxSize:250609664 maxEntrySize:125304832
16 silly packumentCache heap:1002438656 maxSize:250609664 maxEntrySize:125304832
17 warn exec The following package was not found and will be installed: vite@8.0.16
18 silly idealTree buildDeps
19 silly fetch manifest vite@8.0.16
20 silly packumentCache full:https://registry.npmjs.org/vite cache-miss
21 http fetch GET 200 https://registry.npmjs.org/vite 1829ms (cache miss)
22 silly packumentCache full:https://registry.npmjs.org/vite set size:undefined disposed:false
23 silly fetch manifest @types/node@^20.19.0 || >=22.12.0
24 silly packumentCache full:https://registry.npmjs.org/@types%2fnode cache-miss
25 http fetch GET 200 https://registry.npmjs.org/@types%2fnode 281ms (cache miss)
26 silly packumentCache full:https://registry.npmjs.org/@types%2fnode set size:undefined disposed:false
27 silly fetch manifest @vitejs/devtools@^0.1.18
28 silly packumentCache full:https://registry.npmjs.org/@vitejs%2fdevtools cache-miss
29 http fetch GET 200 https://registry.npmjs.org/@vitejs%2fdevtools 73ms (cache miss)
30 silly packumentCache full:https://registry.npmjs.org/@vitejs%2fdevtools set size:undefined disposed:false
31 silly fetch manifest esbuild@^0.27.0 || ^0.28.0
32 silly packumentCache full:https://registry.npmjs.org/esbuild cache-miss
33 http fetch GET 200 https://registry.npmjs.org/esbuild 106ms (cache miss)
34 silly packumentCache full:https://registry.npmjs.org/esbuild set size:undefined disposed:false
35 silly fetch manifest jiti@>=1.21.0
36 silly packumentCache full:https://registry.npmjs.org/jiti cache-miss
37 http fetch GET 200 https://registry.npmjs.org/jiti 55ms (cache miss)
38 silly packumentCache full:https://registry.npmjs.org/jiti set size:undefined disposed:false
39 silly fetch manifest less@^4.0.0
40 silly packumentCache full:https://registry.npmjs.org/less cache-miss
41 http fetch GET 200 https://registry.npmjs.org/less 61ms (cache miss)
42 silly packumentCache full:https://registry.npmjs.org/less set size:undefined disposed:false
43 silly fetch manifest sass@^1.70.0
44 silly packumentCache full:https://registry.npmjs.org/sass cache-miss
45 http fetch GET 200 https://registry.npmjs.org/sass 72ms (cache miss)
46 silly packumentCache full:https://registry.npmjs.org/sass set size:undefined disposed:false
47 silly fetch manifest sass-embedded@^1.70.0
48 silly packumentCache full:https://registry.npmjs.org/sass-embedded cache-miss
49 http fetch GET 200 https://registry.npmjs.org/sass-embedded 62ms (cache miss)
50 silly packumentCache full:https://registry.npmjs.org/sass-embedded set size:undefined disposed:false
51 silly fetch manifest stylus@>=0.54.8
52 silly packumentCache full:https://registry.npmjs.org/stylus cache-miss
53 http fetch GET 200 https://registry.npmjs.org/stylus 52ms (cache miss)
54 silly packumentCache full:https://registry.npmjs.org/stylus set size:undefined disposed:false
55 silly fetch manifest sugarss@^5.0.0
56 silly packumentCache full:https://registry.npmjs.org/sugarss cache-miss
57 http fetch GET 200 https://registry.npmjs.org/sugarss 39ms (cache miss)
58 silly packumentCache full:https://registry.npmjs.org/sugarss set size:undefined disposed:false
59 silly fetch manifest postcss@^8.3.3
60 silly packumentCache full:https://registry.npmjs.org/postcss cache-miss
61 http fetch GET 200 https://registry.npmjs.org/postcss 66ms (cache miss)
62 silly packumentCache full:https://registry.npmjs.org/postcss set size:undefined disposed:false
63 silly fetch manifest terser@^5.16.0
64 silly packumentCache full:https://registry.npmjs.org/terser cache-miss
65 http fetch GET 200 https://registry.npmjs.org/terser 92ms (cache miss)
66 silly packumentCache full:https://registry.npmjs.org/terser set size:undefined disposed:false
67 silly fetch manifest tsx@^4.8.1
68 silly packumentCache full:https://registry.npmjs.org/tsx cache-miss
69 http fetch GET 200 https://registry.npmjs.org/tsx 62ms (cache miss)
70 silly packumentCache full:https://registry.npmjs.org/tsx set size:undefined disposed:false
71 silly fetch manifest yaml@^2.4.2
72 silly packumentCache full:https://registry.npmjs.org/yaml cache-miss
73 http fetch GET 200 https://registry.npmjs.org/yaml 48ms (cache miss)
74 silly packumentCache full:https://registry.npmjs.org/yaml set size:undefined disposed:false
75 silly placeDep ROOT vite@8.0.16 OK for:  want: 8.0.16
76 silly fetch manifest postcss@^8.5.15
77 silly packumentCache full:https://registry.npmjs.org/postcss cache-miss
78 http fetch GET 200 https://registry.npmjs.org/postcss 6ms (cache hit)
79 silly packumentCache full:https://registry.npmjs.org/postcss set size:723316 disposed:false
80 silly fetch manifest rolldown@1.0.3
81 silly packumentCache full:https://registry.npmjs.org/rolldown cache-miss
82 http fetch GET 200 https://registry.npmjs.org/rolldown 163ms (cache miss)
83 silly packumentCache full:https://registry.npmjs.org/rolldown set size:undefined disposed:false
84 silly fetch manifest picomatch@^4.0.4
85 silly packumentCache full:https://registry.npmjs.org/picomatch cache-miss
86 http fetch GET 200 https://registry.npmjs.org/picomatch 63ms (cache miss)
87 silly packumentCache full:https://registry.npmjs.org/picomatch set size:undefined disposed:false
88 silly fetch manifest tinyglobby@^0.2.17
89 silly packumentCache full:https://registry.npmjs.org/tinyglobby cache-miss
90 http fetch GET 200 https://registry.npmjs.org/tinyglobby 53ms (cache miss)
91 silly packumentCache full:https://registry.npmjs.org/tinyglobby set size:undefined disposed:false
92 silly fetch manifest lightningcss@^1.32.0
93 silly packumentCache full:https://registry.npmjs.org/lightningcss cache-miss
94 http fetch GET 200 https://registry.npmjs.org/lightningcss 44ms (cache miss)
95 silly packumentCache full:https://registry.npmjs.org/lightningcss set size:undefined disposed:false
96 silly fetch manifest fsevents@~2.3.3
97 silly packumentCache full:https://registry.npmjs.org/fsevents cache-miss
98 http fetch GET 200 https://registry.npmjs.org/fsevents 64ms (cache miss)
99 silly packumentCache full:https://registry.npmjs.org/fsevents set size:undefined disposed:false
100 silly placeDep ROOT fsevents@2.3.3 OK for: vite@8.0.16 want: ~2.3.3
101 silly placeDep ROOT lightningcss@1.32.0 OK for: vite@8.0.16 want: ^1.32.0
102 silly placeDep ROOT picomatch@4.0.4 OK for: vite@8.0.16 want: ^4.0.4
103 silly placeDep ROOT postcss@8.5.15 OK for: vite@8.0.16 want: ^8.5.15
104 silly placeDep ROOT rolldown@1.0.3 OK for: vite@8.0.16 want: 1.0.3
105 silly placeDep ROOT tinyglobby@0.2.17 OK for: vite@8.0.16 want: ^0.2.17
106 silly fetch manifest detect-libc@^2.0.3
107 silly packumentCache full:https://registry.npmjs.org/detect-libc cache-miss
108 http fetch GET 200 https://registry.npmjs.org/detect-libc 41ms (cache miss)
109 silly packumentCache full:https://registry.npmjs.org/detect-libc set size:undefined disposed:false
110 silly fetch manifest lightningcss-darwin-x64@1.32.0
111 silly packumentCache full:https://registry.npmjs.org/lightningcss-darwin-x64 cache-miss
112 http fetch GET 200 https://registry.npmjs.org/lightningcss-darwin-x64 42ms (cache miss)
113 silly packumentCache full:https://registry.npmjs.org/lightningcss-darwin-x64 set size:undefined disposed:false
114 silly fetch manifest lightningcss-linux-x64-gnu@1.32.0
115 silly packumentCache full:https://registry.npmjs.org/lightningcss-linux-x64-gnu cache-miss
116 http fetch GET 200 https://registry.npmjs.org/lightningcss-linux-x64-gnu 46ms (cache miss)
117 silly packumentCache full:https://registry.npmjs.org/lightningcss-linux-x64-gnu set size:undefined disposed:false
118 silly fetch manifest lightningcss-win32-x64-msvc@1.32.0
119 silly packumentCache full:https://registry.npmjs.org/lightningcss-win32-x64-msvc cache-miss
120 http fetch GET 200 https://registry.npmjs.org/lightningcss-win32-x64-msvc 40ms (cache miss)
121 silly packumentCache full:https://registry.npmjs.org/lightningcss-win32-x64-msvc set size:undefined disposed:false
122 silly fetch manifest lightningcss-win32-arm64-msvc@1.32.0
123 silly packumentCache full:https://registry.npmjs.org/lightningcss-win32-arm64-msvc cache-miss
124 http fetch GET 200 https://registry.npmjs.org/lightningcss-win32-arm64-msvc 35ms (cache miss)
125 silly packumentCache full:https://registry.npmjs.org/lightningcss-win32-arm64-msvc set size:undefined disposed:false
126 silly fetch manifest lightningcss-darwin-arm64@1.32.0
127 silly packumentCache full:https://registry.npmjs.org/lightningcss-darwin-arm64 cache-miss
128 http fetch GET 200 https://registry.npmjs.org/lightningcss-darwin-arm64 47ms (cache miss)
129 silly packumentCache full:https://registry.npmjs.org/lightningcss-darwin-arm64 set size:undefined disposed:false
130 silly fetch manifest lightningcss-linux-arm64-gnu@1.32.0
131 silly packumentCache full:https://registry.npmjs.org/lightningcss-linux-arm64-gnu cache-miss
132 http fetch GET 200 https://registry.npmjs.org/lightningcss-linux-arm64-gnu 43ms (cache miss)
133 silly packumentCache full:https://registry.npmjs.org/lightningcss-linux-arm64-gnu set size:undefined disposed:false
134 silly fetch manifest lightningcss-linux-arm-gnueabihf@1.32.0
135 silly packumentCache full:https://registry.npmjs.org/lightningcss-linux-arm-gnueabihf cache-miss
136 http fetch GET 200 https://registry.npmjs.org/lightningcss-linux-arm-gnueabihf 42ms (cache miss)
137 silly packumentCache full:https://registry.npmjs.org/lightningcss-linux-arm-gnueabihf set size:undefined disposed:false
138 silly fetch manifest lightningcss-linux-arm64-musl@1.32.0
139 silly packumentCache full:https://registry.npmjs.org/lightningcss-linux-arm64-musl cache-miss
140 http fetch GET 200 https://registry.npmjs.org/lightningcss-linux-arm64-musl 38ms (cache miss)
141 silly packumentCache full:https://registry.npmjs.org/lightningcss-linux-arm64-musl set size:undefined disposed:false
142 silly fetch manifest lightningcss-linux-x64-musl@1.32.0
143 silly packumentCache full:https://registry.npmjs.org/lightningcss-linux-x64-musl cache-miss
144 http fetch GET 200 https://registry.npmjs.org/lightningcss-linux-x64-musl 40ms (cache miss)
145 silly packumentCache full:https://registry.npmjs.org/lightningcss-linux-x64-musl set size:undefined disposed:false
146 silly fetch manifest lightningcss-freebsd-x64@1.32.0
147 silly packumentCache full:https://registry.npmjs.org/lightningcss-freebsd-x64 cache-miss
148 http fetch GET 200 https://registry.npmjs.org/lightningcss-freebsd-x64 51ms (cache miss)
149 silly packumentCache full:https://registry.npmjs.org/lightningcss-freebsd-x64 set size:undefined disposed:false
150 silly fetch manifest lightningcss-android-arm64@1.32.0
151 silly packumentCache full:https://registry.npmjs.org/lightningcss-android-arm64 cache-miss
152 http fetch GET 200 https://registry.npmjs.org/lightningcss-android-arm64 37ms (cache miss)
153 silly packumentCache full:https://registry.npmjs.org/lightningcss-android-arm64 set size:undefined disposed:false
154 silly fetch manifest nanoid@^3.3.12
155 silly packumentCache full:https://registry.npmjs.org/nanoid cache-miss
156 http fetch GET 200 https://registry.npmjs.org/nanoid 47ms (cache miss)
157 silly packumentCache full:https://registry.npmjs.org/nanoid set size:undefined disposed:false
158 silly fetch manifest picocolors@^1.1.1
159 silly packumentCache full:https://registry.npmjs.org/picocolors cache-miss
160 http fetch GET 200 https://registry.npmjs.org/picocolors 34ms (cache miss)
161 silly packumentCache full:https://registry.npmjs.org/picocolors set size:undefined disposed:false
162 silly fetch manifest source-map-js@^1.2.1
163 silly packumentCache full:https://registry.npmjs.org/source-map-js cache-miss
164 http fetch GET 200 https://registry.npmjs.org/source-map-js 43ms (cache miss)
165 silly packumentCache full:https://registry.npmjs.org/source-map-js set size:undefined disposed:false
166 silly fetch manifest @oxc-project/types@=0.133.0
167 silly packumentCache full:https://registry.npmjs.org/@oxc-project%2ftypes cache-miss
168 http fetch GET 200 https://registry.npmjs.org/@oxc-project%2ftypes 66ms (cache miss)
169 silly packumentCache full:https://registry.npmjs.org/@oxc-project%2ftypes set size:undefined disposed:false
170 silly fetch manifest @rolldown/pluginutils@^1.0.0
171 silly packumentCache full:https://registry.npmjs.org/@rolldown%2fpluginutils cache-miss
172 http fetch GET 200 https://registry.npmjs.org/@rolldown%2fpluginutils 66ms (cache miss)
173 silly packumentCache full:https://registry.npmjs.org/@rolldown%2fpluginutils set size:undefined disposed:false
174 silly fetch manifest @rolldown/binding-darwin-x64@1.0.3
175 silly packumentCache full:https://registry.npmjs.org/@rolldown%2fbinding-darwin-x64 cache-miss
176 http fetch GET 200 https://registry.npmjs.org/@rolldown%2fbinding-darwin-x64 105ms (cache miss)
177 silly packumentCache full:https://registry.npmjs.org/@rolldown%2fbinding-darwin-x64 set size:undefined disposed:false
178 silly fetch manifest @rolldown/binding-freebsd-x64@1.0.3
179 silly packumentCache full:https://registry.npmjs.org/@rolldown%2fbinding-freebsd-x64 cache-miss
180 http fetch GET 200 https://registry.npmjs.org/@rolldown%2fbinding-freebsd-x64 87ms (cache miss)
181 silly packumentCache full:https://registry.npmjs.org/@rolldown%2fbinding-freebsd-x64 set size:undefined disposed:false
182 silly fetch manifest @rolldown/binding-wasm32-wasi@1.0.3
183 silly packumentCache full:https://registry.npmjs.org/@rolldown%2fbinding-wasm32-wasi cache-miss
184 http fetch GET 200 https://registry.npmjs.org/@rolldown%2fbinding-wasm32-wasi 99ms (cache miss)
185 silly packumentCache full:https://registry.npmjs.org/@rolldown%2fbinding-wasm32-wasi set size:undefined disposed:false
186 silly fetch manifest @rolldown/binding-darwin-arm64@1.0.3
187 silly packumentCache full:https://registry.npmjs.org/@rolldown%2fbinding-darwin-arm64 cache-miss
188 http fetch GET 200 https://registry.npmjs.org/@rolldown%2fbinding-darwin-arm64 107ms (cache miss)
189 silly packumentCache full:https://registry.npmjs.org/@rolldown%2fbinding-darwin-arm64 set size:undefined disposed:false
190 silly fetch manifest @rolldown/binding-android-arm64@1.0.3
191 silly packumentCache full:https://registry.npmjs.org/@rolldown%2fbinding-android-arm64 cache-miss
192 http fetch GET 200 https://registry.npmjs.org/@rolldown%2fbinding-android-arm64 73ms (cache miss)
193 silly packumentCache full:https://registry.npmjs.org/@rolldown%2fbinding-android-arm64 set size:undefined disposed:false
194 silly fetch manifest @rolldown/binding-linux-x64-gnu@1.0.3
195 silly packumentCache full:https://registry.npmjs.org/@rolldown%2fbinding-linux-x64-gnu cache-miss
196 http fetch GET 200 https://registry.npmjs.org/@rolldown%2fbinding-linux-x64-gnu 101ms (cache miss)
197 silly packumentCache full:https://registry.npmjs.org/@rolldown%2fbinding-linux-x64-gnu set size:undefined disposed:false
198 silly fetch manifest @rolldown/binding-linux-x64-musl@1.0.3
199 silly packumentCache full:https://registry.npmjs.org/@rolldown%2fbinding-linux-x64-musl cache-miss
200 http fetch GET 200 https://registry.npmjs.org/@rolldown%2fbinding-linux-x64-musl 133ms (cache miss)
201 silly packumentCache full:https://registry.npmjs.org/@rolldown%2fbinding-linux-x64-musl set size:undefined disposed:false
202 silly fetch manifest @rolldown/binding-win32-x64-msvc@1.0.3
203 silly packumentCache full:https://registry.npmjs.org/@rolldown%2fbinding-win32-x64-msvc cache-miss
204 http fetch GET 200 https://registry.npmjs.org/@rolldown%2fbinding-win32-x64-msvc 95ms (cache miss)
205 silly packumentCache full:https://registry.npmjs.org/@rolldown%2fbinding-win32-x64-msvc set size:undefined disposed:false
206 silly fetch manifest @rolldown/binding-linux-arm64-gnu@1.0.3
207 silly packumentCache full:https://registry.npmjs.org/@rolldown%2fbinding-linux-arm64-gnu cache-miss
208 http fetch GET 200 https://registry.npmjs.org/@rolldown%2fbinding-linux-arm64-gnu 114ms (cache miss)
209 silly packumentCache full:https://registry.npmjs.org/@rolldown%2fbinding-linux-arm64-gnu set size:undefined disposed:false
210 silly fetch manifest @rolldown/binding-linux-ppc64-gnu@1.0.3
211 silly packumentCache full:https://registry.npmjs.org/@rolldown%2fbinding-linux-ppc64-gnu cache-miss
212 http fetch GET 200 https://registry.npmjs.org/@rolldown%2fbinding-linux-ppc64-gnu 60ms (cache miss)
213 silly packumentCache full:https://registry.npmjs.org/@rolldown%2fbinding-linux-ppc64-gnu set size:undefined disposed:false
214 silly fetch manifest @rolldown/binding-linux-s390x-gnu@1.0.3
215 silly packumentCache full:https://registry.npmjs.org/@rolldown%2fbinding-linux-s390x-gnu cache-miss
216 http fetch GET 200 https://registry.npmjs.org/@rolldown%2fbinding-linux-s390x-gnu 68ms (cache miss)
217 silly packumentCache full:https://registry.npmjs.org/@rolldown%2fbinding-linux-s390x-gnu set size:undefined disposed:false
218 silly fetch manifest @rolldown/binding-linux-arm64-musl@1.0.3
219 silly packumentCache full:https://registry.npmjs.org/@rolldown%2fbinding-linux-arm64-musl cache-miss
220 http fetch GET 200 https://registry.npmjs.org/@rolldown%2fbinding-linux-arm64-musl 87ms (cache miss)
221 silly packumentCache full:https://registry.npmjs.org/@rolldown%2fbinding-linux-arm64-musl set size:undefined disposed:false
222 silly fetch manifest @rolldown/binding-win32-arm64-msvc@1.0.3
223 silly packumentCache full:https://registry.npmjs.org/@rolldown%2fbinding-win32-arm64-msvc cache-miss
224 http fetch GET 200 https://registry.npmjs.org/@rolldown%2fbinding-win32-arm64-msvc 120ms (cache miss)
225 silly packumentCache full:https://registry.npmjs.org/@rolldown%2fbinding-win32-arm64-msvc set size:undefined disposed:false
226 silly fetch manifest @rolldown/binding-openharmony-arm64@1.0.3
227 silly packumentCache full:https://registry.npmjs.org/@rolldown%2fbinding-openharmony-arm64 cache-miss
228 http fetch GET 200 https://registry.npmjs.org/@rolldown%2fbinding-openharmony-arm64 65ms (cache miss)
229 silly packumentCache full:https://registry.npmjs.org/@rolldown%2fbinding-openharmony-arm64 set size:undefined disposed:false
230 silly fetch manifest @rolldown/binding-linux-arm-gnueabihf@1.0.3
231 silly packumentCache full:https://registry.npmjs.org/@rolldown%2fbinding-linux-arm-gnueabihf cache-miss
232 http fetch GET 200 https://registry.npmjs.org/@rolldown%2fbinding-linux-arm-gnueabihf 126ms (cache miss)
233 silly packumentCache full:https://registry.npmjs.org/@rolldown%2fbinding-linux-arm-gnueabihf set size:undefined disposed:false
234 silly fetch manifest fdir@^6.5.0
235 silly packumentCache full:https://registry.npmjs.org/fdir cache-miss
236 http fetch GET 200 https://registry.npmjs.org/fdir 38ms (cache miss)
237 silly packumentCache full:https://registry.npmjs.org/fdir set size:undefined disposed:false
238 silly placeDep ROOT detect-libc@2.1.2 OK for: lightningcss@1.32.0 want: ^2.0.3
239 silly placeDep ROOT lightningcss-android-arm64@1.32.0 OK for: lightningcss@1.32.0 want: 1.32.0
240 silly placeDep ROOT lightningcss-darwin-arm64@1.32.0 OK for: lightningcss@1.32.0 want: 1.32.0
241 silly placeDep ROOT lightningcss-darwin-x64@1.32.0 OK for: lightningcss@1.32.0 want: 1.32.0
242 silly placeDep ROOT lightningcss-freebsd-x64@1.32.0 OK for: lightningcss@1.32.0 want: 1.32.0
243 silly placeDep ROOT lightningcss-linux-arm-gnueabihf@1.32.0 OK for: lightningcss@1.32.0 want: 1.32.0
244 silly placeDep ROOT lightningcss-linux-arm64-gnu@1.32.0 OK for: lightningcss@1.32.0 want: 1.32.0
245 silly placeDep ROOT lightningcss-linux-arm64-musl@1.32.0 OK for: lightningcss@1.32.0 want: 1.32.0
246 silly placeDep ROOT lightningcss-linux-x64-gnu@1.32.0 OK for: lightningcss@1.32.0 want: 1.32.0
247 silly placeDep ROOT lightningcss-linux-x64-musl@1.32.0 OK for: lightningcss@1.32.0 want: 1.32.0
248 silly placeDep ROOT lightningcss-win32-arm64-msvc@1.32.0 OK for: lightningcss@1.32.0 want: 1.32.0
249 silly placeDep ROOT lightningcss-win32-x64-msvc@1.32.0 OK for: lightningcss@1.32.0 want: 1.32.0
250 silly placeDep ROOT nanoid@3.3.12 OK for: postcss@8.5.15 want: ^3.3.12
251 silly placeDep ROOT picocolors@1.1.1 OK for: postcss@8.5.15 want: ^1.1.1
252 silly placeDep ROOT source-map-js@1.2.1 OK for: postcss@8.5.15 want: ^1.2.1
253 silly placeDep ROOT @oxc-project/types@0.133.0 OK for: rolldown@1.0.3 want: =0.133.0
254 silly placeDep ROOT @rolldown/binding-android-arm64@1.0.3 OK for: rolldown@1.0.3 want: 1.0.3
255 silly placeDep ROOT @rolldown/binding-darwin-arm64@1.0.3 OK for: rolldown@1.0.3 want: 1.0.3
256 silly placeDep ROOT @rolldown/binding-darwin-x64@1.0.3 OK for: rolldown@1.0.3 want: 1.0.3
257 silly placeDep ROOT @rolldown/binding-freebsd-x64@1.0.3 OK for: rolldown@1.0.3 want: 1.0.3
258 silly placeDep ROOT @rolldown/binding-linux-arm-gnueabihf@1.0.3 OK for: rolldown@1.0.3 want: 1.0.3
259 silly placeDep ROOT @rolldown/binding-linux-arm64-gnu@1.0.3 OK for: rolldown@1.0.3 want: 1.0.3
260 silly placeDep ROOT @rolldown/binding-linux-arm64-musl@1.0.3 OK for: rolldown@1.0.3 want: 1.0.3
261 silly placeDep ROOT @rolldown/binding-linux-ppc64-gnu@1.0.3 OK for: rolldown@1.0.3 want: 1.0.3
262 silly placeDep ROOT @rolldown/binding-linux-s390x-gnu@1.0.3 OK for: rolldown@1.0.3 want: 1.0.3
263 silly placeDep ROOT @rolldown/binding-linux-x64-gnu@1.0.3 OK for: rolldown@1.0.3 want: 1.0.3
264 silly placeDep ROOT @rolldown/binding-linux-x64-musl@1.0.3 OK for: rolldown@1.0.3 want: 1.0.3
265 silly placeDep ROOT @rolldown/binding-openharmony-arm64@1.0.3 OK for: rolldown@1.0.3 want: 1.0.3
266 silly placeDep ROOT @rolldown/binding-wasm32-wasi@1.0.3 OK for: rolldown@1.0.3 want: 1.0.3
267 silly placeDep ROOT @rolldown/binding-win32-arm64-msvc@1.0.3 OK for: rolldown@1.0.3 want: 1.0.3
268 silly placeDep ROOT @rolldown/binding-win32-x64-msvc@1.0.3 OK for: rolldown@1.0.3 want: 1.0.3
269 silly placeDep ROOT @rolldown/pluginutils@1.0.1 OK for: rolldown@1.0.3 want: ^1.0.0
270 silly fetch manifest @emnapi/core@1.10.0
271 silly packumentCache full:https://registry.npmjs.org/@emnapi%2fcore cache-miss
272 http fetch GET 200 https://registry.npmjs.org/@emnapi%2fcore 79ms (cache miss)
273 silly packumentCache full:https://registry.npmjs.org/@emnapi%2fcore set size:undefined disposed:false
274 silly fetch manifest @emnapi/runtime@1.10.0
275 silly packumentCache full:https://registry.npmjs.org/@emnapi%2fruntime cache-miss
276 http fetch GET 200 https://registry.npmjs.org/@emnapi%2fruntime 63ms (cache miss)
277 silly packumentCache full:https://registry.npmjs.org/@emnapi%2fruntime set size:undefined disposed:false
278 silly fetch manifest @napi-rs/wasm-runtime@^1.1.4
279 silly packumentCache full:https://registry.npmjs.org/@napi-rs%2fwasm-runtime cache-miss
280 http fetch GET 200 https://registry.npmjs.org/@napi-rs%2fwasm-runtime 89ms (cache miss)
281 silly packumentCache full:https://registry.npmjs.org/@napi-rs%2fwasm-runtime set size:undefined disposed:false
282 silly placeDep ROOT @emnapi/core@1.10.0 OK for: @rolldown/binding-wasm32-wasi@1.0.3 want: 1.10.0
283 silly placeDep ROOT @emnapi/runtime@1.10.0 OK for: @rolldown/binding-wasm32-wasi@1.0.3 want: 1.10.0
284 silly placeDep ROOT @napi-rs/wasm-runtime@1.1.4 OK for: @rolldown/binding-wasm32-wasi@1.0.3 want: ^1.1.4
285 silly fetch manifest tslib@^2.4.0
286 silly packumentCache full:https://registry.npmjs.org/tslib cache-miss
287 http fetch GET 200 https://registry.npmjs.org/tslib 47ms (cache miss)
288 silly packumentCache full:https://registry.npmjs.org/tslib set size:undefined disposed:false
289 silly fetch manifest @emnapi/wasi-threads@1.2.1
290 silly packumentCache full:https://registry.npmjs.org/@emnapi%2fwasi-threads cache-miss
291 http fetch GET 200 https://registry.npmjs.org/@emnapi%2fwasi-threads 71ms (cache miss)
292 silly packumentCache full:https://registry.npmjs.org/@emnapi%2fwasi-threads set size:undefined disposed:false
293 silly fetch manifest @tybys/wasm-util@^0.10.1
294 silly packumentCache full:https://registry.npmjs.org/@tybys%2fwasm-util cache-miss
295 http fetch GET 200 https://registry.npmjs.org/@tybys%2fwasm-util 62ms (cache miss)
296 silly packumentCache full:https://registry.npmjs.org/@tybys%2fwasm-util set size:undefined disposed:false
297 silly placeDep ROOT @emnapi/wasi-threads@1.2.1 OK for: @emnapi/core@1.10.0 want: 1.2.1
298 silly placeDep ROOT tslib@2.8.1 OK for: @emnapi/core@1.10.0 want: ^2.4.0
299 silly placeDep ROOT @tybys/wasm-util@0.10.2 OK for: @napi-rs/wasm-runtime@1.1.4 want: ^0.10.1
300 silly placeDep ROOT fdir@6.5.0 OK for: tinyglobby@0.2.17 want: ^6.5.0
301 silly reify moves {}
302 silly audit bulk request {
302 silly audit   vite: [ '8.0.16' ],
302 silly audit   fsevents: [ '2.3.3' ],
302 silly audit   lightningcss: [ '1.32.0' ],
302 silly audit   picomatch: [ '4.0.4' ],
302 silly audit   postcss: [ '8.5.15' ],
302 silly audit   rolldown: [ '1.0.3' ],
302 silly audit   tinyglobby: [ '0.2.17' ],
302 silly audit   'detect-libc': [ '2.1.2' ],
302 silly audit   'lightningcss-android-arm64': [ '1.32.0' ],
302 silly audit   'lightningcss-darwin-arm64': [ '1.32.0' ],
302 silly audit   'lightningcss-darwin-x64': [ '1.32.0' ],
302 silly audit   'lightningcss-freebsd-x64': [ '1.32.0' ],
302 silly audit   'lightningcss-linux-arm-gnueabihf': [ '1.32.0' ],
302 silly audit   'lightningcss-linux-arm64-gnu': [ '1.32.0' ],
302 silly audit   'lightningcss-linux-arm64-musl': [ '1.32.0' ],
302 silly audit   'lightningcss-linux-x64-gnu': [ '1.32.0' ],
302 silly audit   'lightningcss-linux-x64-musl': [ '1.32.0' ],
302 silly audit   'lightningcss-win32-arm64-msvc': [ '1.32.0' ],
302 silly audit   'lightningcss-win32-x64-msvc': [ '1.32.0' ],
302 silly audit   nanoid: [ '3.3.12' ],
302 silly audit   picocolors: [ '1.1.1' ],
302 silly audit   'source-map-js': [ '1.2.1' ],
302 silly audit   '@oxc-project/types': [ '0.133.0' ],
302 silly audit   '@rolldown/binding-android-arm64': [ '1.0.3' ],
302 silly audit   '@rolldown/binding-darwin-arm64': [ '1.0.3' ],
302 silly audit   '@rolldown/binding-darwin-x64': [ '1.0.3' ],
302 silly audit   '@rolldown/binding-freebsd-x64': [ '1.0.3' ],
302 silly audit   '@rolldown/binding-linux-arm-gnueabihf': [ '1.0.3' ],
302 silly audit   '@rolldown/binding-linux-arm64-gnu': [ '1.0.3' ],
302 silly audit   '@rolldown/binding-linux-arm64-musl': [ '1.0.3' ],
302 silly audit   '@rolldown/binding-linux-ppc64-gnu': [ '1.0.3' ],
302 silly audit   '@rolldown/binding-linux-s390x-gnu': [ '1.0.3' ],
302 silly audit   '@rolldown/binding-linux-x64-gnu': [ '1.0.3' ],
302 silly audit   '@rolldown/binding-linux-x64-musl': [ '1.0.3' ],
302 silly audit   '@rolldown/binding-openharmony-arm64': [ '1.0.3' ],
302 silly audit   '@rolldown/binding-wasm32-wasi': [ '1.0.3' ],
302 silly audit   '@rolldown/binding-win32-arm64-msvc': [ '1.0.3' ],
302 silly audit   '@rolldown/binding-win32-x64-msvc': [ '1.0.3' ],
302 silly audit   '@rolldown/pluginutils': [ '1.0.1' ],
302 silly audit   '@emnapi/core': [ '1.10.0' ],
302 silly audit   '@emnapi/runtime': [ '1.10.0' ],
302 silly audit   '@napi-rs/wasm-runtime': [ '1.1.4' ],
302 silly audit   '@emnapi/wasi-threads': [ '1.2.1' ],
302 silly audit   tslib: [ '2.8.1' ],
302 silly audit   '@tybys/wasm-util': [ '0.10.2' ],
302 silly audit   fdir: [ '6.5.0' ]
302 silly audit }
303 verbose reify failed optional dependency /home/user/.npm/_npx/9ed06546b0653f96/node_modules/@rolldown/binding-win32-x64-msvc
304 silly reify mark deleted [
304 silly reify   '/home/user/.npm/_npx/9ed06546b0653f96/node_modules/@rolldown/binding-win32-x64-msvc'
304 silly reify ]
305 verbose reify failed optional dependency /home/user/.npm/_npx/9ed06546b0653f96/node_modules/@rolldown/binding-win32-arm64-msvc
306 silly reify mark deleted [
306 silly reify   '/home/user/.npm/_npx/9ed06546b0653f96/node_modules/@rolldown/binding-win32-arm64-msvc'
306 silly reify ]
307 verbose reify failed optional dependency /home/user/.npm/_npx/9ed06546b0653f96/node_modules/@rolldown/binding-wasm32-wasi
308 silly reify mark deleted [
308 silly reify   '/home/user/.npm/_npx/9ed06546b0653f96/node_modules/@rolldown/binding-wasm32-wasi'
308 silly reify ]
309 verbose reify failed optional dependency /home/user/.npm/_npx/9ed06546b0653f96/node_modules/@emnapi/core
310 silly reify mark deleted [ '/home/user/.npm/_npx/9ed06546b0653f96/node_modules/@emnapi/core' ]
311 verbose reify failed optional dependency /home/user/.npm/_npx/9ed06546b0653f96/node_modules/@emnapi/runtime
312 silly reify mark deleted [
312 silly reify   '/home/user/.npm/_npx/9ed06546b0653f96/node_modules/@emnapi/runtime'
312 silly reify ]
313 verbose reify failed optional dependency /home/user/.npm/_npx/9ed06546b0653f96/node_modules/@napi-rs/wasm-runtime
314 silly reify mark deleted [
314 silly reify   '/home/user/.npm/_npx/9ed06546b0653f96/node_modules/@napi-rs/wasm-runtime'
314 silly reify ]
315 verbose reify failed optional dependency /home/user/.npm/_npx/9ed06546b0653f96/node_modules/tslib
316 silly reify mark deleted [ '/home/user/.npm/_npx/9ed06546b0653f96/node_modules/tslib' ]
317 verbose reify failed optional dependency /home/user/.npm/_npx/9ed06546b0653f96/node_modules/@emnapi/wasi-threads
318 silly reify mark deleted [
318 silly reify   '/home/user/.npm/_npx/9ed06546b0653f96/node_modules/@emnapi/wasi-threads'
318 silly reify ]
319 verbose reify failed optional dependency /home/user/.npm/_npx/9ed06546b0653f96/node_modules/@tybys/wasm-util
320 silly reify mark deleted [
320 silly reify   '/home/user/.npm/_npx/9ed06546b0653f96/node_modules/@tybys/wasm-util'
320 silly reify ]
321 verbose reify failed optional dependency /home/user/.npm/_npx/9ed06546b0653f96/node_modules/@rolldown/binding-openharmony-arm64
322 silly reify mark deleted [
322 silly reify   '/home/user/.npm/_npx/9ed06546b0653f96/node_modules/@rolldown/binding-openharmony-arm64'
322 silly reify ]
323 verbose reify failed optional dependency /home/user/.npm/_npx/9ed06546b0653f96/node_modules/@rolldown/binding-linux-x64-musl
324 silly reify mark deleted [
324 silly reify   '/home/user/.npm/_npx/9ed06546b0653f96/node_modules/@rolldown/binding-linux-x64-musl'
324 silly reify ]
325 verbose reify failed optional dependency /home/user/.npm/_npx/9ed06546b0653f96/node_modules/@rolldown/binding-linux-s390x-gnu
326 silly reify mark deleted [
326 silly reify   '/home/user/.npm/_npx/9ed06546b0653f96/node_modules/@rolldown/binding-linux-s390x-gnu'
326 silly reify ]
327 verbose reify failed optional dependency /home/user/.npm/_npx/9ed06546b0653f96/node_modules/@rolldown/binding-linux-ppc64-gnu
328 silly reify mark deleted [
328 silly reify   '/home/user/.npm/_npx/9ed06546b0653f96/node_modules/@rolldown/binding-linux-ppc64-gnu'
328 silly reify ]
329 verbose reify failed optional dependency /home/user/.npm/_npx/9ed06546b0653f96/node_modules/@rolldown/binding-linux-arm64-musl
330 silly reify mark deleted [
330 silly reify   '/home/user/.npm/_npx/9ed06546b0653f96/node_modules/@rolldown/binding-linux-arm64-musl'
330 silly reify ]
331 verbose reify failed optional dependency /home/user/.npm/_npx/9ed06546b0653f96/node_modules/@rolldown/binding-linux-arm64-gnu
332 silly reify mark deleted [
332 silly reify   '/home/user/.npm/_npx/9ed06546b0653f96/node_modules/@rolldown/binding-linux-arm64-gnu'
332 silly reify ]
333 verbose reify failed optional dependency /home/user/.npm/_npx/9ed06546b0653f96/node_modules/@rolldown/binding-linux-arm-gnueabihf
334 silly reify mark deleted [
334 silly reify   '/home/user/.npm/_npx/9ed06546b0653f96/node_modules/@rolldown/binding-linux-arm-gnueabihf'
334 silly reify ]
335 verbose reify failed optional dependency /home/user/.npm/_npx/9ed06546b0653f96/node_modules/@rolldown/binding-freebsd-x64
336 silly reify mark deleted [
336 silly reify   '/home/user/.npm/_npx/9ed06546b0653f96/node_modules/@rolldown/binding-freebsd-x64'
336 silly reify ]
337 verbose reify failed optional dependency /home/user/.npm/_npx/9ed06546b0653f96/node_modules/@rolldown/binding-darwin-x64
338 silly reify mark deleted [
338 silly reify   '/home/user/.npm/_npx/9ed06546b0653f96/node_modules/@rolldown/binding-darwin-x64'
338 silly reify ]
339 verbose reify failed optional dependency /home/user/.npm/_npx/9ed06546b0653f96/node_modules/@rolldown/binding-darwin-arm64
340 silly reify mark deleted [
340 silly reify   '/home/user/.npm/_npx/9ed06546b0653f96/node_modules/@rolldown/binding-darwin-arm64'
340 silly reify ]
341 verbose reify failed optional dependency /home/user/.npm/_npx/9ed06546b0653f96/node_modules/@rolldown/binding-android-arm64
342 silly reify mark deleted [
342 silly reify   '/home/user/.npm/_npx/9ed06546b0653f96/node_modules/@rolldown/binding-android-arm64'
342 silly reify ]
343 verbose reify failed optional dependency /home/user/.npm/_npx/9ed06546b0653f96/node_modules/lightningcss-win32-x64-msvc
344 silly reify mark deleted [
344 silly reify   '/home/user/.npm/_npx/9ed06546b0653f96/node_modules/lightningcss-win32-x64-msvc'
344 silly reify ]
345 verbose reify failed optional dependency /home/user/.npm/_npx/9ed06546b0653f96/node_modules/lightningcss-win32-arm64-msvc
346 silly reify mark deleted [
346 silly reify   '/home/user/.npm/_npx/9ed06546b0653f96/node_modules/lightningcss-win32-arm64-msvc'
346 silly reify ]
347 verbose reify failed optional dependency /home/user/.npm/_npx/9ed06546b0653f96/node_modules/lightningcss-linux-x64-musl
348 silly reify mark deleted [
348 silly reify   '/home/user/.npm/_npx/9ed06546b0653f96/node_modules/lightningcss-linux-x64-musl'
348 silly reify ]
349 verbose reify failed optional dependency /home/user/.npm/_npx/9ed06546b0653f96/node_modules/lightningcss-linux-arm64-musl
350 silly reify mark deleted [
350 silly reify   '/home/user/.npm/_npx/9ed06546b0653f96/node_modules/lightningcss-linux-arm64-musl'
350 silly reify ]
351 verbose reify failed optional dependency /home/user/.npm/_npx/9ed06546b0653f96/node_modules/lightningcss-linux-arm64-gnu
352 silly reify mark deleted [
352 silly reify   '/home/user/.npm/_npx/9ed06546b0653f96/node_modules/lightningcss-linux-arm64-gnu'
352 silly reify ]
353 verbose reify failed optional dependency /home/user/.npm/_npx/9ed06546b0653f96/node_modules/lightningcss-linux-arm-gnueabihf
354 silly reify mark deleted [
354 silly reify   '/home/user/.npm/_npx/9ed06546b0653f96/node_modules/lightningcss-linux-arm-gnueabihf'
354 silly reify ]
355 verbose reify failed optional dependency /home/user/.npm/_npx/9ed06546b0653f96/node_modules/lightningcss-freebsd-x64
356 silly reify mark deleted [
356 silly reify   '/home/user/.npm/_npx/9ed06546b0653f96/node_modules/lightningcss-freebsd-x64'
356 silly reify ]
357 verbose reify failed optional dependency /home/user/.npm/_npx/9ed06546b0653f96/node_modules/lightningcss-darwin-x64
358 silly reify mark deleted [
358 silly reify   '/home/user/.npm/_npx/9ed06546b0653f96/node_modules/lightningcss-darwin-x64'
358 silly reify ]
359 verbose reify failed optional dependency /home/user/.npm/_npx/9ed06546b0653f96/node_modules/lightningcss-darwin-arm64
360 silly reify mark deleted [
360 silly reify   '/home/user/.npm/_npx/9ed06546b0653f96/node_modules/lightningcss-darwin-arm64'
360 silly reify ]
361 verbose reify failed optional dependency /home/user/.npm/_npx/9ed06546b0653f96/node_modules/lightningcss-android-arm64
362 silly reify mark deleted [
362 silly reify   '/home/user/.npm/_npx/9ed06546b0653f96/node_modules/lightningcss-android-arm64'
362 silly reify ]
363 verbose reify failed optional dependency /home/user/.npm/_npx/9ed06546b0653f96/node_modules/fsevents
364 silly reify mark deleted [ '/home/user/.npm/_npx/9ed06546b0653f96/node_modules/fsevents' ]
365 silly tarball no local data for fdir@https://registry.npmjs.org/fdir/-/fdir-6.5.0.tgz. Extracting by manifest.
366 silly tarball no local data for @tybys/wasm-util@https://registry.npmjs.org/@tybys/wasm-util/-/wasm-util-0.10.2.tgz. Extracting by manifest.
367 silly tarball no local data for tslib@https://registry.npmjs.org/tslib/-/tslib-2.8.1.tgz. Extracting by manifest.
368 silly tarball no local data for @emnapi/wasi-threads@https://registry.npmjs.org/@emnapi/wasi-threads/-/wasi-threads-1.2.1.tgz. Extracting by manifest.
369 silly tarball no local data for @napi-rs/wasm-runtime@https://registry.npmjs.org/@napi-rs/wasm-runtime/-/wasm-runtime-1.1.4.tgz. Extracting by manifest.
370 silly tarball no local data for @emnapi/runtime@https://registry.npmjs.org/@emnapi/runtime/-/runtime-1.10.0.tgz. Extracting by manifest.
371 silly tarball no local data for @emnapi/core@https://registry.npmjs.org/@emnapi/core/-/core-1.10.0.tgz. Extracting by manifest.
372 silly tarball no local data for @rolldown/pluginutils@https://registry.npmjs.org/@rolldown/pluginutils/-/pluginutils-1.0.1.tgz. Extracting by manifest.
373 silly tarball no local data for @rolldown/binding-linux-x64-gnu@https://registry.npmjs.org/@rolldown/binding-linux-x64-gnu/-/binding-linux-x64-gnu-1.0.3.tgz. Extracting by manifest.
374 silly tarball no local data for @oxc-project/types@https://registry.npmjs.org/@oxc-project/types/-/types-0.133.0.tgz. Extracting by manifest.
375 silly tarball no local data for source-map-js@https://registry.npmjs.org/source-map-js/-/source-map-js-1.2.1.tgz. Extracting by manifest.
376 silly tarball no local data for picocolors@https://registry.npmjs.org/picocolors/-/picocolors-1.1.1.tgz. Extracting by manifest.
377 silly tarball no local data for nanoid@https://registry.npmjs.org/nanoid/-/nanoid-3.3.12.tgz. Extracting by manifest.
378 silly tarball no local data for lightningcss-linux-x64-gnu@https://registry.npmjs.org/lightningcss-linux-x64-gnu/-/lightningcss-linux-x64-gnu-1.32.0.tgz. Extracting by manifest.
379 silly tarball no local data for detect-libc@https://registry.npmjs.org/detect-libc/-/detect-libc-2.1.2.tgz. Extracting by manifest.
380 silly tarball no local data for tinyglobby@https://registry.npmjs.org/tinyglobby/-/tinyglobby-0.2.17.tgz. Extracting by manifest.
381 silly tarball no local data for rolldown@https://registry.npmjs.org/rolldown/-/rolldown-1.0.3.tgz. Extracting by manifest.
382 silly tarball no local data for postcss@https://registry.npmjs.org/postcss/-/postcss-8.5.15.tgz. Extracting by manifest.
383 silly tarball no local data for picomatch@https://registry.npmjs.org/picomatch/-/picomatch-4.0.4.tgz. Extracting by manifest.
384 silly tarball no local data for lightningcss@https://registry.npmjs.org/lightningcss/-/lightningcss-1.32.0.tgz. Extracting by manifest.
385 silly tarball no local data for vite@https://registry.npmjs.org/vite/-/vite-8.0.16.tgz. Extracting by manifest.
386 http fetch POST 200 https://registry.npmjs.org/-/npm/v1/security/advisories/bulk 169ms
387 silly audit report {}
388 http fetch GET 200 https://registry.npmjs.org/fdir/-/fdir-6.5.0.tgz 67ms (cache miss)
389 http fetch GET 200 https://registry.npmjs.org/detect-libc/-/detect-libc-2.1.2.tgz 105ms (cache miss)
390 http fetch GET 200 https://registry.npmjs.org/tinyglobby/-/tinyglobby-0.2.17.tgz 105ms (cache miss)
391 http fetch GET 200 https://registry.npmjs.org/source-map-js/-/source-map-js-1.2.1.tgz 218ms (cache miss)
392 http fetch GET 200 https://registry.npmjs.org/picocolors/-/picocolors-1.1.1.tgz 267ms (cache miss)
393 http fetch GET 200 https://registry.npmjs.org/@rolldown/pluginutils/-/pluginutils-1.0.1.tgz 297ms (cache miss)
394 http fetch GET 200 https://registry.npmjs.org/@oxc-project/types/-/types-0.133.0.tgz 298ms (cache miss)
395 http fetch GET 200 https://registry.npmjs.org/nanoid/-/nanoid-3.3.12.tgz 317ms (cache miss)
396 http fetch GET 200 https://registry.npmjs.org/picomatch/-/picomatch-4.0.4.tgz 312ms (cache miss)
397 http fetch GET 200 https://registry.npmjs.org/tslib/-/tslib-2.8.1.tgz 334ms (cache miss)
398 http fetch GET 200 https://registry.npmjs.org/lightningcss/-/lightningcss-1.32.0.tgz 332ms (cache miss)
399 http fetch GET 200 https://registry.npmjs.org/@emnapi/wasi-threads/-/wasi-threads-1.2.1.tgz 353ms (cache miss)
400 http fetch GET 200 https://registry.npmjs.org/@emnapi/runtime/-/runtime-1.10.0.tgz 372ms (cache miss)
401 http fetch GET 200 https://registry.npmjs.org/postcss/-/postcss-8.5.15.tgz 361ms (cache miss)
402 http fetch GET 200 https://registry.npmjs.org/rolldown/-/rolldown-1.0.3.tgz 390ms (cache miss)
403 http fetch GET 200 https://registry.npmjs.org/@tybys/wasm-util/-/wasm-util-0.10.2.tgz 431ms (cache miss)
404 http fetch GET 200 https://registry.npmjs.org/@emnapi/core/-/core-1.10.0.tgz 438ms (cache miss)
405 http fetch GET 200 https://registry.npmjs.org/vite/-/vite-8.0.16.tgz 465ms (cache miss)
406 http fetch GET 200 https://registry.npmjs.org/@napi-rs/wasm-runtime/-/wasm-runtime-1.1.4.tgz 536ms (cache miss)
407 http fetch GET 200 https://registry.npmjs.org/lightningcss-linux-x64-gnu/-/lightningcss-linux-x64-gnu-1.32.0.tgz 616ms (cache miss)
408 http fetch GET 200 https://registry.npmjs.org/@rolldown/binding-linux-x64-gnu/-/binding-linux-x64-gnu-1.0.3.tgz 745ms (cache miss)
409 verbose cwd /home/user/frontend
410 verbose os Linux 6.1.158+
411 verbose node v20.20.2
412 verbose npm  v10.8.2
413 notice
413 notice New major version of npm available! 10.8.2 -> 11.16.0
413 notice Changelog: https://github.com/npm/cli/releases/tag/v11.16.0
413 notice To update run: npm install -g npm@11.16.0
413 notice  { force: true, [Symbol(proc-log.meta)]: true }
414 verbose exit 1
415 verbose code 1
